
Total Experiments = 4


======================================
Attack      : min_max
Alpha       : 0.5
Byzantine   : 2
Seed        : 1
======================================
Hyperparameter settingNamespace(model_name='GAFSEG', data='polyp', CommunicationEpoch=100, p_threshold=0.6, localEpoch=1, lrf=0.0001, num_workers=8, num_classes=100, num_clients=10, global_name='resnet18', global_optim='adamw', client_optim='adamw', clients_model=['resnet50', 'resnet50', 'resnet50', 'resnet50', 'resnet50'], batch_size=64, seed=1, base_lr=0.001, shape=384, train_val_test=(0.8, 0.1, 0.1), device='0', ver='v1', log_path='./log', img_path='data', split_path='./data_split', task='classification', attack='min_max', num_byzantine=2, dirichlet_alpha=0.5, beta=0.9, mu=0.5, datasets=['cifar100'], log_dir="./log/GAFSEG/GAFSEG/GAFSEG-polyp--v1-0.001resnet18['resnet50', 'resnet50', 'resnet50', 'resnet50', 'resnet50']/logs", model_dir="./log/GAFSEG/GAFSEG/GAFSEG-polyp--v1-0.001resnet18['resnet50', 'resnet50', 'resnet50', 'resnet50', 'resnet50']/models")
Files already downloaded and verified
Files already downloaded and verified
Client 0: 4733 samples
Client 1: 5497 samples
Client 2: 5387 samples
Client 3: 4508 samples
Client 4: 4745 samples
Client 5: 6108 samples
Client 6: 4587 samples
Client 7: 4652 samples
Client 8: 4245 samples
Client 9: 5538 samples

 Starting FedAvg Training with 10 clients

========== Round [1/100] ==========

 Client 1/10
logits shape: torch.Size([64, 100])
label range: 0 95
loss = 4.742448329925537
loss = 4.657475471496582
loss = 4.654013633728027
loss = 4.331281661987305
loss = 3.750274896621704
loss = 4.296287536621094
loss = 4.2277069091796875
loss = 4.231037616729736
loss = 4.20091438293457
loss = 3.718198537826538

 Client 2/10
logits shape: torch.Size([64, 100])
label range: 1 97
loss = 5.021085739135742
loss = 4.5885138511657715
loss = 4.632845878601074
loss = 3.979902505874634
loss = 4.08510684967041
loss = 3.9372658729553223
loss = 4.266337871551514
loss = 4.008215427398682
loss = 4.337894916534424
loss = 3.9805967807769775

 Client 3/10
logits shape: torch.Size([64, 100])
label range: 2 98
loss = 4.849163055419922
loss = 4.775788307189941
loss = 4.337436199188232
loss = 4.244218826293945
loss = 4.326046943664551
loss = 4.2013468742370605
loss = 4.408524036407471
loss = 4.179982662200928
loss = 3.956636428833008
loss = 4.151092529296875

 Client 4/10
logits shape: torch.Size([64, 100])
label range: 2 99
loss = 4.758969306945801
loss = 4.435216426849365
loss = 4.4523234367370605
loss = 3.993722438812256
loss = 3.870849847793579
loss = 4.117187023162842
loss = 3.8981149196624756
loss = 3.9309990406036377
loss = 3.8858773708343506
loss = 3.9511125087738037

 Client 5/10
logits shape: torch.Size([64, 100])
label range: 1 98
loss = 4.7164998054504395
loss = 4.7268853187561035
loss = 4.355785369873047
loss = 4.353011608123779
loss = 4.348365306854248
loss = 4.205260753631592
loss = 3.99636173248291
loss = 4.31928825378418
loss = 3.861689805984497
loss = 3.9097025394439697

 Client 6/10
logits shape: torch.Size([64, 100])
label range: 0 99
loss = 4.926036834716797
loss = 4.898619651794434
loss = 4.475704193115234
loss = 4.513216018676758
loss = 4.6205291748046875
loss = 4.157998085021973
loss = 4.496192932128906
loss = 3.9092650413513184
loss = 4.219277858734131
loss = 4.515307426452637

 Client 7/10
logits shape: torch.Size([64, 100])
label range: 2 98
loss = 5.077409744262695
loss = 4.497046947479248
loss = 4.591566562652588
loss = 4.3788161277771
loss = 4.367944240570068
loss = 4.2865190505981445
loss = 3.8468475341796875
loss = 4.137462615966797
loss = 4.0367560386657715
loss = 3.8080742359161377

 Client 8/10
logits shape: torch.Size([64, 100])
label range: 1 97
loss = 4.885552883148193
loss = 4.545663833618164
loss = 4.440255165100098
loss = 4.299394607543945
loss = 4.271007537841797
loss = 4.023810386657715
loss = 4.220814228057861
loss = 4.014893531799316
loss = 3.9098472595214844
loss = 4.08172082901001

 Client 9/10
logits shape: torch.Size([64, 100])
label range: 6 99
loss = 4.929864406585693
loss = 4.5007758140563965
loss = 4.616298198699951
loss = 4.22297477722168
loss = 4.360568046569824
loss = 4.558382034301758
loss = 4.118429660797119
loss = 4.273277282714844
loss = 3.9322566986083984
loss = 4.129641532897949

 Client 10/10
logits shape: torch.Size([64, 100])
label range: 3 99
loss = 4.954939842224121
loss = 4.714836597442627
loss = 4.384005069732666
loss = 4.587850570678711
loss = 4.204678058624268
loss = 4.421473979949951
loss = 4.022884845733643
loss = 4.120201110839844
loss = 4.231473445892334
loss = 4.262794017791748
Client 0 Train Acc=0.1006
Client 1 Train Acc=0.1035
Client 2 Train Acc=0.0964
Client 3 Train Acc=0.1036
Client 4 Train Acc=0.0798
Client 5 Train Acc=0.0845
Client 6 Train Acc=0.1043
Client 7 Train Acc=0.0914
Client 8 Train Acc=0.0795
Client 9 Train Acc=0.0890
Client 0 Raw Score: 0.3641
Client 1 Raw Score: 0.3751
Client 2 Raw Score: 0.4360
Client 3 Raw Score: 0.3133
Client 4 Raw Score: 0.3686
Client 5 Raw Score: 0.3803
Client 6 Raw Score: 0.4687
Client 7 Raw Score: 0.4163
Client 8 Raw Score: 0.3430
Client 9 Raw Score: 0.3763
Client 0 Softmax weight: 0.0979
Client 1 Softmax weight: 0.0990
Client 2 Softmax weight: 0.1052
Client 3 Softmax weight: 0.0931
Client 4 Softmax weight: 0.0984
Client 5 Softmax weight: 0.0995
Client 6 Softmax weight: 0.1087
Client 7 Softmax weight: 0.1032
Client 8 Softmax weight: 0.0959
Client 9 Softmax weight: 0.0991
Round 1 Test Accuracy=0.0105

========== Round [2/100] ==========

 Client 1/10
logits shape: torch.Size([64, 100])
label range: 8 98
loss = 4.576625823974609
loss = 4.22730827331543
loss = 4.18280553817749
loss = 4.000919818878174
loss = 3.821528196334839
loss = 4.160349369049072
loss = 3.7733707427978516
loss = 4.127467155456543
loss = 4.084803104400635
loss = 4.015537261962891

 Client 2/10
logits shape: torch.Size([64, 100])
label range: 0 96
loss = 4.534496784210205
loss = 4.181972503662109
loss = 4.071146488189697
loss = 4.194079875946045
loss = 3.8801662921905518
loss = 4.608319282531738
loss = 4.125888824462891
loss = 3.928065061569214
loss = 4.033172130584717
loss = 3.838113307952881

 Client 3/10
logits shape: torch.Size([64, 100])
label range: 2 98
loss = 4.706035614013672
loss = 4.250655174255371
loss = 4.1737518310546875
loss = 4.421037673950195
loss = 3.8322794437408447
loss = 3.993373394012451
loss = 4.304545879364014
loss = 4.088626384735107
loss = 4.19962739944458
loss = 3.599928379058838

 Client 4/10
logits shape: torch.Size([64, 100])
label range: 4 99
loss = 4.6725358963012695
loss = 4.111078262329102
loss = 3.776163339614868
loss = 3.7523016929626465
loss = 4.217404842376709
loss = 3.969125509262085
loss = 4.141700267791748
loss = 3.339718818664551
loss = 3.7574970722198486
loss = 3.7928812503814697

 Client 5/10
logits shape: torch.Size([64, 100])
label range: 1 98
loss = 4.665813446044922
loss = 4.350937366485596
loss = 4.318613052368164
loss = 3.928828239440918
loss = 3.8525047302246094
loss = 4.126336574554443
loss = 4.325941562652588
loss = 3.3061914443969727
loss = 4.134864807128906
loss = 4.471549034118652

 Client 6/10
logits shape: torch.Size([64, 100])
label range: 0 98
loss = 4.594645977020264
loss = 4.450652122497559
loss = 4.346834659576416
loss = 4.103837013244629
loss = 4.078933238983154
loss = 4.221662998199463
loss = 3.859656572341919
loss = 3.7942464351654053
loss = 3.830829620361328
loss = 4.308990001678467

 Client 7/10
logits shape: torch.Size([64, 100])
label range: 6 99
loss = 4.6495280265808105
loss = 4.20764684677124
loss = 4.341305732727051
loss = 3.9586501121520996
loss = 3.8567957878112793
loss = 4.084973335266113
loss = 4.0543670654296875
loss = 4.017242908477783
loss = 3.9663569927215576
loss = 3.8611230850219727

 Client 8/10
logits shape: torch.Size([64, 100])
label range: 3 96
loss = 4.595491409301758
loss = 4.238537788391113
loss = 4.4396748542785645
loss = 3.964386224746704
loss = 4.494561195373535
loss = 3.7754886150360107
loss = 3.9452335834503174
loss = 4.070184707641602
loss = 3.813453197479248
loss = 4.1811113357543945

 Client 9/10
logits shape: torch.Size([64, 100])
label range: 0 95
loss = 4.513844966888428
loss = 4.109246253967285
loss = 4.182015419006348
loss = 3.9900381565093994
loss = 3.9515345096588135
loss = 3.9854648113250732
loss = 4.242349624633789
loss = 3.9973602294921875
loss = 3.8961753845214844
loss = 3.880746364593506

 Client 10/10
logits shape: torch.Size([64, 100])
label range: 1 99
loss = 4.752806186676025
loss = 4.20790958404541
loss = 4.482367992401123
loss = 4.53477668762207
loss = 3.860543966293335
loss = 3.98408842086792
loss = 3.9206230640411377
loss = 4.058480262756348
loss = 3.690155506134033
loss = 4.060471534729004
Client 0 Train Acc=0.1336
Client 1 Train Acc=0.1711
Client 2 Train Acc=0.1311
Client 3 Train Acc=0.1634
Client 4 Train Acc=0.1003
Client 5 Train Acc=0.0911
Client 6 Train Acc=0.1193
Client 7 Train Acc=0.1506
Client 8 Train Acc=0.1020
Client 9 Train Acc=0.1177
Client 0 Raw Score: 0.3141
Client 1 Raw Score: 0.3584
Client 2 Raw Score: 0.3703
Client 3 Raw Score: 0.2947
Client 4 Raw Score: 0.3721
Client 5 Raw Score: 0.3429
Client 6 Raw Score: 0.3861
Client 7 Raw Score: 0.3390
Client 8 Raw Score: 0.3218
Client 9 Raw Score: 0.3340
Client 0 Softmax weight: 0.0971
Client 1 Softmax weight: 0.1015
Client 2 Softmax weight: 0.1027
Client 3 Softmax weight: 0.0952
Client 4 Softmax weight: 0.1029
Client 5 Softmax weight: 0.0999
Client 6 Softmax weight: 0.1043
Client 7 Softmax weight: 0.0995
Client 8 Softmax weight: 0.0978
Client 9 Softmax weight: 0.0990
Round 2 Test Accuracy=0.0177

========== Round [3/100] ==========

 Client 1/10
logits shape: torch.Size([64, 100])
label range: 0 92
loss = 4.563281059265137
loss = 4.144467353820801
loss = 4.149725437164307
loss = 3.9578676223754883
loss = 4.126171112060547
loss = 3.8294730186462402
loss = 3.7321176528930664
loss = 3.660283088684082
loss = 3.7879719734191895
loss = 3.7655117511749268

 Client 2/10
logits shape: torch.Size([64, 100])
label range: 3 97
loss = 4.4083709716796875
loss = 4.278748512268066
loss = 4.197837829589844
loss = 3.813383102416992
loss = 3.893207550048828
loss = 4.108728408813477
loss = 3.570333480834961
loss = 3.7429966926574707
loss = 3.873124837875366
loss = 3.5809810161590576

 Client 3/10
logits shape: torch.Size([64, 100])
label range: 2 98
loss = 4.283267974853516
loss = 4.25706148147583
loss = 3.866594076156616
loss = 3.965282917022705
loss = 3.7866761684417725
loss = 3.932690143585205
loss = 4.001972675323486
loss = 3.7391366958618164
loss = 4.139009952545166
loss = 3.994208574295044

 Client 4/10
logits shape: torch.Size([64, 100])
label range: 4 99
loss = 4.475183010101318
loss = 3.90906023979187
loss = 3.6925504207611084
loss = 4.066694259643555
loss = 3.7068514823913574
loss = 4.075349807739258
loss = 4.00993537902832
loss = 3.88010835647583
loss = 3.808480978012085
loss = 4.255085468292236

 Client 5/10
logits shape: torch.Size([64, 100])
label range: 1 96
loss = 4.419890403747559
loss = 4.175130367279053
loss = 4.093994140625
loss = 3.891521453857422
loss = 3.902872085571289
loss = 3.8064253330230713
loss = 3.7959272861480713
loss = 4.4248175621032715
loss = 4.149402141571045
loss = 4.1309309005737305

 Client 6/10
logits shape: torch.Size([64, 100])
label range: 0 94
loss = 4.3997907638549805
loss = 4.160886287689209
loss = 4.109844207763672
loss = 4.206474304199219
loss = 4.147558689117432
loss = 3.788893938064575
loss = 3.986767292022705
loss = 3.8302955627441406
loss = 3.77059268951416
loss = 3.61763858795166

 Client 7/10
logits shape: torch.Size([64, 100])
label range: 0 98
loss = 4.234988689422607
loss = 4.115330696105957
loss = 3.848799467086792
loss = 4.017070770263672
loss = 3.8938088417053223
loss = 3.5201311111450195
loss = 3.937363386154175
loss = 3.7386233806610107
loss = 3.6573679447174072
loss = 3.7582855224609375

 Client 8/10
logits shape: torch.Size([64, 100])
label range: 2 96
loss = 4.2877936363220215
loss = 4.21234655380249
loss = 4.219357013702393
loss = 3.6303272247314453
loss = 4.312786102294922
loss = 3.917536735534668
loss = 4.088329792022705
loss = 3.9996426105499268
loss = 4.19237756729126
loss = 3.7764854431152344

 Client 9/10
logits shape: torch.Size([64, 100])
label range: 0 99
loss = 4.431755065917969
loss = 4.48670768737793
loss = 3.967642307281494
loss = 3.689398765563965
loss = 4.1444573402404785
loss = 3.854360580444336
loss = 3.9094274044036865
loss = 3.941908836364746
loss = 4.104910850524902
loss = 3.6883792877197266

 Client 10/10
logits shape: torch.Size([64, 100])
label range: 1 99
loss = 4.344205856323242
loss = 4.0555806159973145
loss = 4.031464099884033
loss = 4.112405776977539
loss = 4.107787132263184
loss = 4.248195171356201
loss = 4.024229049682617
loss = 3.7024614810943604
loss = 3.6620519161224365
loss = 3.596073627471924
Client 0 Train Acc=0.1500
Client 1 Train Acc=0.1555
Client 2 Train Acc=0.1475
Client 3 Train Acc=0.1656
Client 4 Train Acc=0.1161
Client 5 Train Acc=0.1186
Client 6 Train Acc=0.1543
Client 7 Train Acc=0.1348
Client 8 Train Acc=0.1233
Client 9 Train Acc=0.1190
Client 0 Raw Score: 0.3171
Client 1 Raw Score: 0.3304
Client 2 Raw Score: 0.3637
Client 3 Raw Score: 0.2958
Client 4 Raw Score: 0.3435
Client 5 Raw Score: 0.3333
Client 6 Raw Score: 0.3396
Client 7 Raw Score: 0.3304
Client 8 Raw Score: 0.3072
Client 9 Raw Score: 0.3111
Client 0 Softmax weight: 0.0990
Client 1 Softmax weight: 0.1003
Client 2 Softmax weight: 0.1037
Client 3 Softmax weight: 0.0969
Client 4 Softmax weight: 0.1016
Client 5 Softmax weight: 0.1006
Client 6 Softmax weight: 0.1012
Client 7 Softmax weight: 0.1003
Client 8 Softmax weight: 0.0980
Client 9 Softmax weight: 0.0984
Round 3 Test Accuracy=0.0418

========== Round [4/100] ==========

 Client 1/10
logits shape: torch.Size([64, 100])
label range: 0 97
loss = 4.085951805114746
loss = 4.0199360847473145
loss = 4.291253089904785
loss = 3.8402116298675537
loss = 3.725633382797241
loss = 3.8829150199890137
loss = 3.9803600311279297
loss = 4.5887017250061035
loss = 3.614428758621216
loss = 3.4861581325531006

 Client 2/10
logits shape: torch.Size([64, 100])
label range: 1 97
loss = 4.174197196960449
loss = 4.075484275817871
loss = 4.204341888427734
loss = 4.091531276702881
loss = 3.6514272689819336
loss = 3.6875433921813965
loss = 3.80204176902771
loss = 3.8830959796905518
loss = 3.8888399600982666
loss = 3.6559977531433105

 Client 3/10
logits shape: torch.Size([64, 100])
label range: 0 98
loss = 4.109549045562744
loss = 3.7134881019592285
loss = 4.186224460601807
loss = 3.6435203552246094
loss = 3.574585199356079
loss = 3.906142473220825
loss = 3.9400808811187744
loss = 4.00618839263916
loss = 3.8492696285247803
loss = 3.6446855068206787

 Client 4/10
logits shape: torch.Size([64, 100])
label range: 4 98
loss = 4.333975791931152
loss = 3.83453631401062
loss = 3.715960741043091
loss = 3.784209966659546
loss = 3.504786968231201
loss = 3.613396167755127
loss = 3.878145217895508
loss = 3.628911018371582
loss = 3.450792074203491
loss = 3.204239845275879

 Client 5/10
logits shape: torch.Size([64, 100])
label range: 1 99
loss = 4.207790374755859
loss = 3.8377676010131836
loss = 4.083298683166504
loss = 4.077832221984863
loss = 3.6635241508483887
loss = 4.0930585861206055
loss = 3.8945817947387695
loss = 3.9815125465393066
loss = 3.7315149307250977
loss = 3.683307409286499

 Client 6/10
logits shape: torch.Size([64, 100])
label range: 0 99
loss = 4.035005569458008
loss = 4.0715837478637695
loss = 3.79744815826416
loss = 3.8942174911499023
loss = 4.13071346282959
loss = 3.9039499759674072
loss = 4.140650749206543
loss = 3.761890411376953
loss = 4.146781921386719
loss = 3.7528929710388184

 Client 7/10
logits shape: torch.Size([64, 100])
label range: 2 99
loss = 3.9681437015533447
loss = 3.68852162361145
loss = 4.3218536376953125
loss = 3.8684630393981934
loss = 3.711789131164551
loss = 4.014110088348389
loss = 3.675687551498413
loss = 3.8756604194641113
loss = 3.5179028511047363
loss = 3.627058506011963

 Client 8/10
logits shape: torch.Size([64, 100])
label range: 1 94
loss = 4.099536895751953
loss = 3.7772226333618164
loss = 4.145541667938232
loss = 4.092995643615723
loss = 3.523247480392456
loss = 4.096564769744873
loss = 3.9774959087371826
loss = 3.9999594688415527
loss = 4.522390842437744
loss = 3.8101255893707275

 Client 9/10
logits shape: torch.Size([64, 100])
label range: 0 99
loss = 4.098374843597412
loss = 4.272722244262695
loss = 3.95855712890625
loss = 3.576434373855591
loss = 4.29636812210083
loss = 3.7318525314331055
loss = 3.865619421005249
loss = 3.940605640411377
loss = 4.251847267150879
loss = 3.631342649459839

 Client 10/10
logits shape: torch.Size([64, 100])
label range: 0 97
loss = 4.283802032470703
loss = 4.137238025665283
loss = 4.156996726989746
loss = 4.109477996826172
loss = 4.01635217666626
loss = 3.7689929008483887
loss = 4.007505416870117
loss = 3.9582011699676514
loss = 3.5043857097625732
loss = 3.487086534500122
Client 0 Train Acc=0.1528
Client 1 Train Acc=0.1847
Client 2 Train Acc=0.1453
Client 3 Train Acc=0.1864
Client 4 Train Acc=0.1104
Client 5 Train Acc=0.1449
Client 6 Train Acc=0.1347
Client 7 Train Acc=0.1578
Client 8 Train Acc=0.1186
Client 9 Train Acc=0.1255
Client 0 Raw Score: 0.3030
Client 1 Raw Score: 0.3013
Client 2 Raw Score: 0.3439
Client 3 Raw Score: 0.2606
Client 4 Raw Score: 0.3183
Client 5 Raw Score: 0.3515
Client 6 Raw Score: 0.3337
Client 7 Raw Score: 0.3025
Client 8 Raw Score: 0.2902
Client 9 Raw Score: 0.3198
Client 0 Softmax weight: 0.0990
Client 1 Softmax weight: 0.0989
Client 2 Softmax weight: 0.1032
Client 3 Softmax weight: 0.0949
Client 4 Softmax weight: 0.1006
Client 5 Softmax weight: 0.1039
Client 6 Softmax weight: 0.1021
Client 7 Softmax weight: 0.0990
Client 8 Softmax weight: 0.0978
Client 9 Softmax weight: 0.1007
Round 4 Test Accuracy=0.0587

========== Round [5/100] ==========

 Client 1/10
logits shape: torch.Size([64, 100])
label range: 0 97
loss = 3.955758810043335
loss = 4.228198528289795
loss = 3.875504732131958
loss = 3.847362518310547
loss = 3.7434182167053223
loss = 3.806488513946533
loss = 4.115807056427002
loss = 4.079428672790527
loss = 3.8279542922973633
loss = 3.557368040084839

 Client 2/10
logits shape: torch.Size([64, 100])
label range: 0 97
loss = 4.057399272918701
loss = 3.8718366622924805
loss = 3.8639185428619385
loss = 3.7946033477783203
loss = 3.8307266235351562
loss = 3.76981782913208
loss = 3.5988619327545166
loss = 3.8891775608062744
loss = 3.7059571743011475
loss = 3.3845982551574707

 Client 3/10
logits shape: torch.Size([64, 100])
label range: 2 96
loss = 3.821993350982666
loss = 3.7916908264160156
loss = 3.9196503162384033
loss = 3.7680182456970215
loss = 3.56498384475708
loss = 3.6050686836242676
loss = 4.009848117828369
loss = 3.634511709213257
loss = 3.821312189102173
loss = 4.057093620300293

 Client 4/10
logits shape: torch.Size([64, 100])
label range: 3 97
loss = 3.9970245361328125
loss = 3.7342405319213867
loss = 3.531266212463379
loss = 3.8164501190185547
loss = 3.3693981170654297
loss = 3.6815578937530518
loss = 3.715439558029175
loss = 3.526967763900757
loss = 3.4643666744232178
loss = 3.140442132949829

 Client 5/10
logits shape: torch.Size([64, 100])
label range: 5 90
loss = 3.9738223552703857
loss = 4.080338001251221
loss = 4.044715404510498
loss = 3.7970011234283447
loss = 3.8939437866210938
loss = 3.8772668838500977
loss = 4.012718200683594
loss = 3.7185049057006836
loss = 3.7098426818847656
loss = 3.520730495452881

 Client 6/10
logits shape: torch.Size([64, 100])
label range: 0 99
loss = 4.002278804779053
loss = 4.199295997619629
loss = 3.6594111919403076
loss = 3.6062657833099365
loss = 3.7444589138031006
loss = 4.215014934539795
loss = 4.140655994415283
loss = 3.661759614944458
loss = 4.119461536407471
loss = 3.7180075645446777

 Client 7/10
logits shape: torch.Size([64, 100])
label range: 0 99
loss = 3.8396081924438477
loss = 4.010042667388916
loss = 4.034409999847412
loss = 3.573913812637329
loss = 3.7552242279052734
loss = 3.7133796215057373
loss = 4.125299453735352
loss = 3.7865219116210938
loss = 3.8577399253845215
loss = 4.074506759643555

 Client 8/10
logits shape: torch.Size([64, 100])
label range: 0 93
loss = 4.090912818908691
loss = 4.359119892120361
loss = 3.8889455795288086
loss = 3.8539464473724365
loss = 3.975348949432373
loss = 3.903217077255249
loss = 3.294076919555664
loss = 3.7053098678588867
loss = 3.2622625827789307
loss = 3.6934385299682617

 Client 9/10
logits shape: torch.Size([64, 100])
label range: 8 99
loss = 4.093306064605713
loss = 4.144423007965088
loss = 3.9994540214538574
loss = 3.9468302726745605
loss = 4.041514873504639
loss = 4.167560577392578
loss = 3.627227306365967
loss = 3.4985110759735107
loss = 3.643507957458496
loss = 3.7931342124938965

 Client 10/10
logits shape: torch.Size([64, 100])
label range: 0 96
loss = 4.445357799530029
loss = 4.175684928894043
loss = 4.127285480499268
loss = 3.9035277366638184
loss = 4.101855754852295
loss = 4.1275835037231445
loss = 3.8014607429504395
loss = 3.8821184635162354
loss = 3.6879773139953613
loss = 3.856559991836548
Client 0 Train Acc=0.1764
Client 1 Train Acc=0.1658
Client 2 Train Acc=0.1466
Client 3 Train Acc=0.2080
Client 4 Train Acc=0.1161
Client 5 Train Acc=0.1345
Client 6 Train Acc=0.1664
Client 7 Train Acc=0.1385
Client 8 Train Acc=0.1293
Client 9 Train Acc=0.1639
Client 0 Raw Score: 0.2993
Client 1 Raw Score: 0.3368
Client 2 Raw Score: 0.3201
Client 3 Raw Score: 0.2864
Client 4 Raw Score: 0.2976
Client 5 Raw Score: 0.2993
Client 6 Raw Score: 0.3154
Client 7 Raw Score: 0.3054
Client 8 Raw Score: 0.3042
Client 9 Raw Score: 0.2847
Client 0 Softmax weight: 0.0994
Client 1 Softmax weight: 0.1032
Client 2 Softmax weight: 0.1015
Client 3 Softmax weight: 0.0982
Client 4 Softmax weight: 0.0993
Client 5 Softmax weight: 0.0994
Client 6 Softmax weight: 0.1010
Client 7 Softmax weight: 0.1000
Client 8 Softmax weight: 0.0999
Client 9 Softmax weight: 0.0980
Round 5 Test Accuracy=0.0772

========== Round [6/100] ==========

 Client 1/10
logits shape: torch.Size([64, 100])
label range: 0 97
loss = 3.8119587898254395
loss = 3.76706862449646
loss = 3.7549681663513184
loss = 3.429779529571533
loss = 3.683209180831909
loss = 3.4202213287353516
loss = 4.05893611907959
loss = 3.930549144744873
loss = 3.78035306930542
loss = 3.2412567138671875

 Client 2/10
logits shape: torch.Size([64, 100])
label range: 3 95
loss = 3.752803087234497
loss = 3.6318233013153076
loss = 3.6603353023529053
loss = 3.9509363174438477
loss = 4.363543510437012
loss = 3.671830177307129
loss = 3.8813436031341553
loss = 3.614077568054199
loss = 3.6417531967163086
loss = 3.3235275745391846

 Client 3/10
logits shape: torch.Size([64, 100])
label range: 2 99
loss = 3.5939459800720215
loss = 3.7227368354797363
loss = 3.6515581607818604
loss = 3.9332120418548584
loss = 3.88608717918396
loss = 3.6813433170318604
loss = 3.6660759449005127
loss = 3.3859970569610596
loss = 3.7895915508270264
loss = 3.404161214828491

 Client 4/10
logits shape: torch.Size([64, 100])
label range: 4 97
loss = 3.9712657928466797
loss = 3.6916611194610596
loss = 3.5459845066070557
loss = 3.5259971618652344
loss = 3.5564067363739014
loss = 3.5824851989746094
loss = 3.348284959793091
loss = 3.7377383708953857
loss = 3.6230525970458984
loss = 3.4265847206115723

 Client 5/10
logits shape: torch.Size([64, 100])
label range: 1 96
loss = 3.805027723312378
loss = 3.8346595764160156
loss = 4.004746913909912
loss = 3.8027431964874268
loss = 3.6670045852661133
loss = 3.950806140899658
loss = 3.672015428543091
loss = 3.74153470993042
loss = 3.6716299057006836
loss = 3.603682279586792

 Client 6/10
logits shape: torch.Size([64, 100])
label range: 0 94
loss = 3.5955443382263184
loss = 4.1064910888671875
loss = 4.093648433685303
loss = 3.897481679916382
loss = 3.8178930282592773
loss = 3.9770894050598145
loss = 3.7834880352020264
loss = 3.8929290771484375
loss = 3.8307225704193115
loss = 3.740513563156128

 Client 7/10
logits shape: torch.Size([64, 100])
label range: 2 99
loss = 3.73396635055542
loss = 3.7827956676483154
loss = 3.9857187271118164
loss = 3.7669777870178223
loss = 3.668217420578003
loss = 3.981168746948242
loss = 4.043747425079346
loss = 3.75919771194458
loss = 3.8135738372802734
loss = 3.786787509918213

 Client 8/10
logits shape: torch.Size([64, 100])
label range: 1 96
loss = 3.8248908519744873
loss = 3.8237671852111816
loss = 3.850368022918701
loss = 3.6605663299560547
loss = 3.8645997047424316
loss = 3.5137522220611572
loss = 3.8445217609405518
loss = 3.730978012084961
loss = 3.7714078426361084
loss = 3.842888355255127

 Client 9/10
logits shape: torch.Size([64, 100])
label range: 8 99
loss = 3.975908041000366
loss = 3.7473106384277344
loss = 4.010535717010498
loss = 4.088174343109131
loss = 3.757331371307373
loss = 3.3952219486236572
loss = 3.837498426437378
loss = 3.7671658992767334
loss = 3.754434823989868
loss = 3.7029848098754883

 Client 10/10
logits shape: torch.Size([64, 100])
label range: 1 99
loss = 4.081692695617676
loss = 3.912876844406128
loss = 4.10321569442749
loss = 3.612401247024536
loss = 3.767512798309326
loss = 3.8045969009399414
loss = 4.2117600440979
loss = 3.4987452030181885
loss = 3.533365488052368
loss = 3.721562385559082

 [!] Executing Adaptive Attack: min_max
>>> ENTERED MIN-MAX ATTACK <<<
conv1.weight: lambda = 0.004778
>>> ENTERED MIN-MAX ATTACK <<<
>>> ENTERED MIN-MAX ATTACK <<<
>>> ENTERED MIN-MAX ATTACK <<<
>>> ENTERED MIN-MAX ATTACK <<<
>>> ENTERED MIN-MAX ATTACK <<<
>>> ENTERED MIN-MAX ATTACK <<<
>>> ENTERED MIN-MAX ATTACK <<<
>>> ENTERED MIN-MAX ATTACK <<<
>>> ENTERED MIN-MAX ATTACK <<<
>>> ENTERED MIN-MAX ATTACK <<<
>>> ENTERED MIN-MAX ATTACK <<<
>>> ENTERED MIN-MAX ATTACK <<<
>>> ENTERED MIN-MAX ATTACK <<<
>>> ENTERED MIN-MAX ATTACK <<<
>>> ENTERED MIN-MAX ATTACK <<<
>>> ENTERED MIN-MAX ATTACK <<<
>>> ENTERED MIN-MAX ATTACK <<<
>>> ENTERED MIN-MAX ATTACK <<<
>>> ENTERED MIN-MAX ATTACK <<<
>>> ENTERED MIN-MAX ATTACK <<<
>>> ENTERED MIN-MAX ATTACK <<<
>>> ENTERED MIN-MAX ATTACK <<<
>>> ENTERED MIN-MAX ATTACK <<<
>>> ENTERED MIN-MAX ATTACK <<<
>>> ENTERED MIN-MAX ATTACK <<<
>>> ENTERED MIN-MAX ATTACK <<<
>>> ENTERED MIN-MAX ATTACK <<<
>>> ENTERED MIN-MAX ATTACK <<<
>>> ENTERED MIN-MAX ATTACK <<<
>>> ENTERED MIN-MAX ATTACK <<<
>>> ENTERED MIN-MAX ATTACK <<<
>>> ENTERED MIN-MAX ATTACK <<<
>>> ENTERED MIN-MAX ATTACK <<<
>>> ENTERED MIN-MAX ATTACK <<<
>>> ENTERED MIN-MAX ATTACK <<<
>>> ENTERED MIN-MAX ATTACK <<<
>>> ENTERED MIN-MAX ATTACK <<<
>>> ENTERED MIN-MAX ATTACK <<<
>>> ENTERED MIN-MAX ATTACK <<<
>>> ENTERED MIN-MAX ATTACK <<<
>>> ENTERED MIN-MAX ATTACK <<<
>>> ENTERED MIN-MAX ATTACK <<<
>>> ENTERED MIN-MAX ATTACK <<<
>>> ENTERED MIN-MAX ATTACK <<<
>>> ENTERED MIN-MAX ATTACK <<<
>>> ENTERED MIN-MAX ATTACK <<<
>>> ENTERED MIN-MAX ATTACK <<<
>>> ENTERED MIN-MAX ATTACK <<<
>>> ENTERED MIN-MAX ATTACK <<<
>>> ENTERED MIN-MAX ATTACK <<<
>>> ENTERED MIN-MAX ATTACK <<<
>>> ENTERED MIN-MAX ATTACK <<<
>>> ENTERED MIN-MAX ATTACK <<<
>>> ENTERED MIN-MAX ATTACK <<<
>>> ENTERED MIN-MAX ATTACK <<<
>>> ENTERED MIN-MAX ATTACK <<<
>>> ENTERED MIN-MAX ATTACK <<<
>>> ENTERED MIN-MAX ATTACK <<<
>>> ENTERED MIN-MAX ATTACK <<<
>>> ENTERED MIN-MAX ATTACK <<<
>>> ENTERED MIN-MAX ATTACK <<<
>>> ENTERED MIN-MAX ATTACK <<<
>>> ENTERED MIN-MAX ATTACK <<<
>>> ENTERED MIN-MAX ATTACK <<<
>>> ENTERED MIN-MAX ATTACK <<<
>>> ENTERED MIN-MAX ATTACK <<<
>>> ENTERED MIN-MAX ATTACK <<<
>>> ENTERED MIN-MAX ATTACK <<<
>>> ENTERED MIN-MAX ATTACK <<<
>>> ENTERED MIN-MAX ATTACK <<<
>>> ENTERED MIN-MAX ATTACK <<<
>>> ENTERED MIN-MAX ATTACK <<<
>>> ENTERED MIN-MAX ATTACK <<<
>>> ENTERED MIN-MAX ATTACK <<<
>>> ENTERED MIN-MAX ATTACK <<<
>>> ENTERED MIN-MAX ATTACK <<<
>>> ENTERED MIN-MAX ATTACK <<<
>>> ENTERED MIN-MAX ATTACK <<<
>>> ENTERED MIN-MAX ATTACK <<<
>>> ENTERED MIN-MAX ATTACK <<<
>>> ENTERED MIN-MAX ATTACK <<<
>>> ENTERED MIN-MAX ATTACK <<<
>>> ENTERED MIN-MAX ATTACK <<<
>>> ENTERED MIN-MAX ATTACK <<<
>>> ENTERED MIN-MAX ATTACK <<<
>>> ENTERED MIN-MAX ATTACK <<<
>>> ENTERED MIN-MAX ATTACK <<<
>>> ENTERED MIN-MAX ATTACK <<<
>>> ENTERED MIN-MAX ATTACK <<<
>>> ENTERED MIN-MAX ATTACK <<<
>>> ENTERED MIN-MAX ATTACK <<<
>>> ENTERED MIN-MAX ATTACK <<<
>>> ENTERED MIN-MAX ATTACK <<<
>>> ENTERED MIN-MAX ATTACK <<<
>>> ENTERED MIN-MAX ATTACK <<<
>>> ENTERED MIN-MAX ATTACK <<<
>>> ENTERED MIN-MAX ATTACK <<<
>>> ENTERED MIN-MAX ATTACK <<<
>>> ENTERED MIN-MAX ATTACK <<<
>>> ENTERED MIN-MAX ATTACK <<<
>>> ENTERED MIN-MAX ATTACK <<<
>>> ENTERED MIN-MAX ATTACK <<<
>>> ENTERED MIN-MAX ATTACK <<<
>>> ENTERED MIN-MAX ATTACK <<<
>>> ENTERED MIN-MAX ATTACK <<<
>>> ENTERED MIN-MAX ATTACK <<<
>>> ENTERED MIN-MAX ATTACK <<<
>>> ENTERED MIN-MAX ATTACK <<<
>>> ENTERED MIN-MAX ATTACK <<<
>>> ENTERED MIN-MAX ATTACK <<<
>>> ENTERED MIN-MAX ATTACK <<<
>>> ENTERED MIN-MAX ATTACK <<<
>>> ENTERED MIN-MAX ATTACK <<<
>>> ENTERED MIN-MAX ATTACK <<<
layer4.1.conv2.weight: lambda = 0.000525
>>> ENTERED MIN-MAX ATTACK <<<
>>> ENTERED MIN-MAX ATTACK <<<
>>> ENTERED MIN-MAX ATTACK <<<
>>> ENTERED MIN-MAX ATTACK <<<
>>> ENTERED MIN-MAX ATTACK <<<
>>> ENTERED MIN-MAX ATTACK <<<
fc.weight: lambda = 0.003328
>>> ENTERED MIN-MAX ATTACK <<<
Client 0 Train Acc=0.0625
Client 1 Train Acc=0.0844
Client 2 Train Acc=0.1778
Client 3 Train Acc=0.1853
Client 4 Train Acc=0.1522
Client 5 Train Acc=0.1467
Client 6 Train Acc=0.1842
Client 7 Train Acc=0.1684
Client 8 Train Acc=0.1484
Client 9 Train Acc=0.1483
Client 0 Raw Score: 0.0333
Client 1 Raw Score: 0.0333
Client 2 Raw Score: 0.2278
Client 3 Raw Score: 0.2349
Client 4 Raw Score: 0.2633
Client 5 Raw Score: 0.2681
Client 6 Raw Score: 0.1927
Client 7 Raw Score: 0.2866
Client 8 Raw Score: 0.2281
Client 9 Raw Score: 0.2426
Client 0 Softmax weight: 0.0842
Client 1 Softmax weight: 0.0842
Client 2 Softmax weight: 0.1023
Client 3 Softmax weight: 0.1031
Client 4 Softmax weight: 0.1060
Client 5 Softmax weight: 0.1065
Client 6 Softmax weight: 0.0988
Client 7 Softmax weight: 0.1085
Client 8 Softmax weight: 0.1024
Client 9 Softmax weight: 0.1039
Round 6 Test Accuracy=0.0775

========== Round [7/100] ==========

 Client 1/10
logits shape: torch.Size([64, 100])
label range: 8 94
loss = 3.9244308471679688
loss = 4.216919898986816
loss = 3.51403546333313
loss = 3.5974037647247314
loss = 3.518718957901001
loss = 3.88446044921875
loss = 3.5604920387268066
loss = 3.831808090209961
loss = 3.5592427253723145
loss = 3.610252618789673

 Client 2/10
logits shape: torch.Size([64, 100])
label range: 3 95
loss = 3.8416361808776855
loss = 3.7875845432281494
loss = 3.886167049407959
loss = 3.68510103225708
loss = 3.406486988067627
loss = 3.659346103668213
loss = 4.045609474182129
loss = 3.496469259262085
loss = 3.4382057189941406
loss = 3.9086718559265137

 Client 3/10
logits shape: torch.Size([64, 100])
label range: 5 99
loss = 3.6167614459991455
loss = 3.8523004055023193
loss = 3.702728271484375
loss = 3.8139665126800537
loss = 3.573131799697876
loss = 3.888536214828491
loss = 3.6387956142425537
loss = 3.807629346847534
loss = 3.3688127994537354
loss = 3.2824501991271973

 Client 4/10
logits shape: torch.Size([64, 100])
label range: 0 99
loss = 3.6451544761657715
loss = 3.5444910526275635
loss = 3.7282071113586426
loss = 3.6001996994018555
loss = 3.419365406036377
loss = 3.3959333896636963
loss = 3.7255098819732666
loss = 3.7500967979431152
loss = 3.5006589889526367
loss = 3.451301336288452

 Client 5/10
logits shape: torch.Size([64, 100])
label range: 1 96
loss = 3.885190725326538
loss = 3.6735715866088867
loss = 3.8364405632019043
loss = 4.1129913330078125
loss = 3.8253188133239746
loss = 3.7695932388305664
loss = 3.9655227661132812
loss = 3.7900593280792236
loss = 3.9011123180389404
loss = 3.9105887413024902

 Client 6/10
logits shape: torch.Size([64, 100])
label range: 0 98
loss = 3.9100534915924072
loss = 4.123841762542725
loss = 3.6855602264404297
loss = 3.7745587825775146
loss = 3.9482128620147705
loss = 3.837817668914795
loss = 3.7328388690948486
loss = 3.610466957092285
loss = 3.4232895374298096
loss = 3.6110684871673584

 Client 7/10
logits shape: torch.Size([64, 100])
label range: 8 99
loss = 3.645493984222412
loss = 3.564811944961548
loss = 3.8526670932769775
loss = 3.8400771617889404
loss = 3.839327812194824
loss = 3.699226140975952
loss = 3.6025149822235107
loss = 3.722252607345581
loss = 3.8376259803771973
loss = 3.329047441482544

 Client 8/10
logits shape: torch.Size([64, 100])
label range: 1 99
loss = 3.762570381164551
loss = 4.117687702178955
loss = 3.770975351333618
loss = 3.9034574031829834
loss = 3.844066619873047
loss = 3.478827953338623
loss = 3.6679561138153076
loss = 3.4384305477142334
loss = 3.8322439193725586
loss = 3.5153908729553223

 Client 9/10
logits shape: torch.Size([64, 100])
label range: 3 98
loss = 3.546410322189331
loss = 3.9228124618530273
loss = 3.6033198833465576
loss = 4.023555755615234
loss = 3.729544162750244
loss = 4.057380199432373
loss = 3.7625367641448975
loss = 4.057527542114258
loss = 3.8347251415252686
loss = 3.9125001430511475

 Client 10/10
logits shape: torch.Size([64, 100])
label range: 3 99
loss = 3.9997544288635254
loss = 3.7827000617980957
loss = 3.9597349166870117
loss = 3.8292150497436523
loss = 3.9326696395874023
loss = 3.7512826919555664
loss = 3.706911325454712
loss = 3.86112642288208
loss = 3.9290339946746826
loss = 3.6967623233795166

 [!] Executing Adaptive Attack: min_max
>>> ENTERED MIN-MAX ATTACK <<<
conv1.weight: lambda = 0.004559
>>> ENTERED MIN-MAX ATTACK <<<
>>> ENTERED MIN-MAX ATTACK <<<
>>> ENTERED MIN-MAX ATTACK <<<
>>> ENTERED MIN-MAX ATTACK <<<
>>> ENTERED MIN-MAX ATTACK <<<
>>> ENTERED MIN-MAX ATTACK <<<
>>> ENTERED MIN-MAX ATTACK <<<
>>> ENTERED MIN-MAX ATTACK <<<
>>> ENTERED MIN-MAX ATTACK <<<
>>> ENTERED MIN-MAX ATTACK <<<
>>> ENTERED MIN-MAX ATTACK <<<
>>> ENTERED MIN-MAX ATTACK <<<
>>> ENTERED MIN-MAX ATTACK <<<
>>> ENTERED MIN-MAX ATTACK <<<
>>> ENTERED MIN-MAX ATTACK <<<
>>> ENTERED MIN-MAX ATTACK <<<
>>> ENTERED MIN-MAX ATTACK <<<
>>> ENTERED MIN-MAX ATTACK <<<
>>> ENTERED MIN-MAX ATTACK <<<
>>> ENTERED MIN-MAX ATTACK <<<
>>> ENTERED MIN-MAX ATTACK <<<
>>> ENTERED MIN-MAX ATTACK <<<
>>> ENTERED MIN-MAX ATTACK <<<
>>> ENTERED MIN-MAX ATTACK <<<
>>> ENTERED MIN-MAX ATTACK <<<
>>> ENTERED MIN-MAX ATTACK <<<
>>> ENTERED MIN-MAX ATTACK <<<
>>> ENTERED MIN-MAX ATTACK <<<
>>> ENTERED MIN-MAX ATTACK <<<
>>> ENTERED MIN-MAX ATTACK <<<
>>> ENTERED MIN-MAX ATTACK <<<
>>> ENTERED MIN-MAX ATTACK <<<
>>> ENTERED MIN-MAX ATTACK <<<
>>> ENTERED MIN-MAX ATTACK <<<
>>> ENTERED MIN-MAX ATTACK <<<
>>> ENTERED MIN-MAX ATTACK <<<
>>> ENTERED MIN-MAX ATTACK <<<
>>> ENTERED MIN-MAX ATTACK <<<
>>> ENTERED MIN-MAX ATTACK <<<
>>> ENTERED MIN-MAX ATTACK <<<
>>> ENTERED MIN-MAX ATTACK <<<
>>> ENTERED MIN-MAX ATTACK <<<
>>> ENTERED MIN-MAX ATTACK <<<
>>> ENTERED MIN-MAX ATTACK <<<
>>> ENTERED MIN-MAX ATTACK <<<
>>> ENTERED MIN-MAX ATTACK <<<
>>> ENTERED MIN-MAX ATTACK <<<
>>> ENTERED MIN-MAX ATTACK <<<
>>> ENTERED MIN-MAX ATTACK <<<
>>> ENTERED MIN-MAX ATTACK <<<
>>> ENTERED MIN-MAX ATTACK <<<
>>> ENTERED MIN-MAX ATTACK <<<
>>> ENTERED MIN-MAX ATTACK <<<
>>> ENTERED MIN-MAX ATTACK <<<
>>> ENTERED MIN-MAX ATTACK <<<
>>> ENTERED MIN-MAX ATTACK <<<
>>> ENTERED MIN-MAX ATTACK <<<
>>> ENTERED MIN-MAX ATTACK <<<
>>> ENTERED MIN-MAX ATTACK <<<
>>> ENTERED MIN-MAX ATTACK <<<
>>> ENTERED MIN-MAX ATTACK <<<
>>> ENTERED MIN-MAX ATTACK <<<
>>> ENTERED MIN-MAX ATTACK <<<
>>> ENTERED MIN-MAX ATTACK <<<
>>> ENTERED MIN-MAX ATTACK <<<
>>> ENTERED MIN-MAX ATTACK <<<
>>> ENTERED MIN-MAX ATTACK <<<
>>> ENTERED MIN-MAX ATTACK <<<
>>> ENTERED MIN-MAX ATTACK <<<
>>> ENTERED MIN-MAX ATTACK <<<
>>> ENTERED MIN-MAX ATTACK <<<
>>> ENTERED MIN-MAX ATTACK <<<
>>> ENTERED MIN-MAX ATTACK <<<
>>> ENTERED MIN-MAX ATTACK <<<
>>> ENTERED MIN-MAX ATTACK <<<
>>> ENTERED MIN-MAX ATTACK <<<
>>> ENTERED MIN-MAX ATTACK <<<
>>> ENTERED MIN-MAX ATTACK <<<
>>> ENTERED MIN-MAX ATTACK <<<
>>> ENTERED MIN-MAX ATTACK <<<
>>> ENTERED MIN-MAX ATTACK <<<
>>> ENTERED MIN-MAX ATTACK <<<
>>> ENTERED MIN-MAX ATTACK <<<
>>> ENTERED MIN-MAX ATTACK <<<
>>> ENTERED MIN-MAX ATTACK <<<
>>> ENTERED MIN-MAX ATTACK <<<
>>> ENTERED MIN-MAX ATTACK <<<
>>> ENTERED MIN-MAX ATTACK <<<
>>> ENTERED MIN-MAX ATTACK <<<
>>> ENTERED MIN-MAX ATTACK <<<
>>> ENTERED MIN-MAX ATTACK <<<
>>> ENTERED MIN-MAX ATTACK <<<
>>> ENTERED MIN-MAX ATTACK <<<
>>> ENTERED MIN-MAX ATTACK <<<
>>> ENTERED MIN-MAX ATTACK <<<
>>> ENTERED MIN-MAX ATTACK <<<
>>> ENTERED MIN-MAX ATTACK <<<
>>> ENTERED MIN-MAX ATTACK <<<
>>> ENTERED MIN-MAX ATTACK <<<
>>> ENTERED MIN-MAX ATTACK <<<
>>> ENTERED MIN-MAX ATTACK <<<
>>> ENTERED MIN-MAX ATTACK <<<
>>> ENTERED MIN-MAX ATTACK <<<
>>> ENTERED MIN-MAX ATTACK <<<
>>> ENTERED MIN-MAX ATTACK <<<
>>> ENTERED MIN-MAX ATTACK <<<
>>> ENTERED MIN-MAX ATTACK <<<
>>> ENTERED MIN-MAX ATTACK <<<
>>> ENTERED MIN-MAX ATTACK <<<
>>> ENTERED MIN-MAX ATTACK <<<
>>> ENTERED MIN-MAX ATTACK <<<
>>> ENTERED MIN-MAX ATTACK <<<
>>> ENTERED MIN-MAX ATTACK <<<
>>> ENTERED MIN-MAX ATTACK <<<
layer4.1.conv2.weight: lambda = 0.000515
>>> ENTERED MIN-MAX ATTACK <<<
>>> ENTERED MIN-MAX ATTACK <<<
>>> ENTERED MIN-MAX ATTACK <<<
>>> ENTERED MIN-MAX ATTACK <<<
>>> ENTERED MIN-MAX ATTACK <<<
>>> ENTERED MIN-MAX ATTACK <<<
fc.weight: lambda = 0.003414
>>> ENTERED MIN-MAX ATTACK <<<
Client 0 Train Acc=0.0477
Client 1 Train Acc=0.0563
Client 2 Train Acc=0.1920
Client 3 Train Acc=0.2069
Client 4 Train Acc=0.1389
Client 5 Train Acc=0.1421
Client 6 Train Acc=0.1877
Client 7 Train Acc=0.1871
Client 8 Train Acc=0.1259
Client 9 Train Acc=0.1624
Client 0 Raw Score: 0.1022
Client 1 Raw Score: 0.1022
Client 2 Raw Score: 0.2370
Client 3 Raw Score: 0.1942
Client 4 Raw Score: 0.2356
Client 5 Raw Score: 0.2187
Client 6 Raw Score: 0.2021
Client 7 Raw Score: 0.2290
Client 8 Raw Score: 0.2102
Client 9 Raw Score: 0.2126
Client 0 Softmax weight: 0.0911
Client 1 Softmax weight: 0.0911
Client 2 Softmax weight: 0.1042
Client 3 Softmax weight: 0.0999
Client 4 Softmax weight: 0.1041
Client 5 Softmax weight: 0.1023
Client 6 Softmax weight: 0.1007
Client 7 Softmax weight: 0.1034
Client 8 Softmax weight: 0.1015
Client 9 Softmax weight: 0.1017
Round 7 Test Accuracy=0.0930

========== Round [8/100] ==========

 Client 1/10
logits shape: torch.Size([64, 100])
label range: 0 98
loss = 3.873511552810669
loss = 3.951547145843506
loss = 3.83323073387146
loss = 4.0600481033325195
loss = 3.507833480834961
loss = 3.6698696613311768
loss = 3.826289653778076
loss = 3.354735851287842
loss = 3.6063499450683594
loss = 3.655442237854004

 Client 2/10
logits shape: torch.Size([64, 100])
label range: 1 98
loss = 3.959578037261963
loss = 3.7477660179138184
loss = 3.478264808654785
loss = 3.6979103088378906
loss = 4.295281410217285
loss = 3.52199125289917
loss = 3.4008054733276367
loss = 3.4739978313446045
loss = 3.3057820796966553
loss = 3.3863000869750977

 Client 3/10
logits shape: torch.Size([64, 100])
label range: 1 99
loss = 3.792219400405884
loss = 3.7528936862945557
loss = 3.6653506755828857
loss = 3.774925947189331
loss = 3.6408071517944336
loss = 3.605057954788208
loss = 3.6501851081848145
loss = 3.495631456375122
loss = 3.6726431846618652
loss = 3.6764438152313232

 Client 4/10
logits shape: torch.Size([64, 100])
label range: 4 97
loss = 3.856019973754883
loss = 3.525073766708374
loss = 3.571953535079956
loss = 3.4791617393493652
loss = 3.7632977962493896
loss = 3.6679868698120117
loss = 3.5196099281311035
loss = 3.6625142097473145
loss = 3.686554431915283
loss = 3.2221646308898926

 Client 5/10
logits shape: torch.Size([64, 100])
label range: 1 92
loss = 3.864595890045166
loss = 3.959695339202881
loss = 3.6861796379089355
loss = 4.164754390716553
loss = 4.000654697418213
loss = 3.865473747253418
loss = 3.820432186126709
loss = 3.4230449199676514
loss = 3.6859209537506104
loss = 3.663560390472412

 Client 6/10
logits shape: torch.Size([64, 100])
label range: 0 99
loss = 3.8685860633850098
loss = 3.889223575592041
loss = 3.799842357635498
loss = 3.7748119831085205
loss = 3.459665298461914
loss = 4.025339126586914
loss = 3.8349320888519287
loss = 3.651358127593994
loss = 3.4498558044433594
loss = 4.07283878326416

 Client 7/10
logits shape: torch.Size([64, 100])
label range: 2 98
loss = 3.869019031524658
loss = 3.6977076530456543
loss = 3.5986530780792236
loss = 3.5912325382232666
loss = 3.561065912246704
loss = 3.6986608505249023
loss = 3.792191743850708
loss = 3.216845750808716
loss = 3.6017777919769287
loss = 3.592773914337158

 Client 8/10
logits shape: torch.Size([64, 100])
label range: 1 99
loss = 4.1340107917785645
loss = 3.795445680618286
loss = 3.6024112701416016
loss = 3.6025140285491943
loss = 3.848663806915283
loss = 3.6623101234436035
loss = 3.652489423751831
loss = 3.827376365661621
loss = 3.5447559356689453
loss = 3.237252950668335

 Client 9/10
logits shape: torch.Size([64, 100])
label range: 0 99
loss = 4.046202659606934
loss = 4.102019786834717
loss = 3.963487148284912
loss = 3.689432382583618
loss = 3.9664809703826904
loss = 3.9191269874572754
loss = 3.7857489585876465
loss = 3.684462308883667
loss = 3.47674560546875
loss = 3.591550588607788

 Client 10/10
logits shape: torch.Size([64, 100])
label range: 1 99
loss = 4.022352695465088
loss = 3.5041422843933105
loss = 4.175445079803467
loss = 3.5285208225250244
loss = 3.709913730621338
loss = 3.664928913116455
loss = 3.6059906482696533
loss = 3.6724040508270264
loss = 3.8889832496643066
loss = 3.625572681427002

 [!] Executing Adaptive Attack: min_max
>>> ENTERED MIN-MAX ATTACK <<<
conv1.weight: lambda = 0.004358
>>> ENTERED MIN-MAX ATTACK <<<
>>> ENTERED MIN-MAX ATTACK <<<
>>> ENTERED MIN-MAX ATTACK <<<
>>> ENTERED MIN-MAX ATTACK <<<
>>> ENTERED MIN-MAX ATTACK <<<
>>> ENTERED MIN-MAX ATTACK <<<
>>> ENTERED MIN-MAX ATTACK <<<
>>> ENTERED MIN-MAX ATTACK <<<
>>> ENTERED MIN-MAX ATTACK <<<
>>> ENTERED MIN-MAX ATTACK <<<
>>> ENTERED MIN-MAX ATTACK <<<
>>> ENTERED MIN-MAX ATTACK <<<
>>> ENTERED MIN-MAX ATTACK <<<
>>> ENTERED MIN-MAX ATTACK <<<
>>> ENTERED MIN-MAX ATTACK <<<
>>> ENTERED MIN-MAX ATTACK <<<
>>> ENTERED MIN-MAX ATTACK <<<
>>> ENTERED MIN-MAX ATTACK <<<
>>> ENTERED MIN-MAX ATTACK <<<
>>> ENTERED MIN-MAX ATTACK <<<
>>> ENTERED MIN-MAX ATTACK <<<
>>> ENTERED MIN-MAX ATTACK <<<
>>> ENTERED MIN-MAX ATTACK <<<
>>> ENTERED MIN-MAX ATTACK <<<
>>> ENTERED MIN-MAX ATTACK <<<
>>> ENTERED MIN-MAX ATTACK <<<
>>> ENTERED MIN-MAX ATTACK <<<
>>> ENTERED MIN-MAX ATTACK <<<
>>> ENTERED MIN-MAX ATTACK <<<
>>> ENTERED MIN-MAX ATTACK <<<
>>> ENTERED MIN-MAX ATTACK <<<
>>> ENTERED MIN-MAX ATTACK <<<
>>> ENTERED MIN-MAX ATTACK <<<
>>> ENTERED MIN-MAX ATTACK <<<
>>> ENTERED MIN-MAX ATTACK <<<
>>> ENTERED MIN-MAX ATTACK <<<
>>> ENTERED MIN-MAX ATTACK <<<
>>> ENTERED MIN-MAX ATTACK <<<
>>> ENTERED MIN-MAX ATTACK <<<
>>> ENTERED MIN-MAX ATTACK <<<
>>> ENTERED MIN-MAX ATTACK <<<
>>> ENTERED MIN-MAX ATTACK <<<
>>> ENTERED MIN-MAX ATTACK <<<
>>> ENTERED MIN-MAX ATTACK <<<
>>> ENTERED MIN-MAX ATTACK <<<
>>> ENTERED MIN-MAX ATTACK <<<
>>> ENTERED MIN-MAX ATTACK <<<
>>> ENTERED MIN-MAX ATTACK <<<
>>> ENTERED MIN-MAX ATTACK <<<
>>> ENTERED MIN-MAX ATTACK <<<
>>> ENTERED MIN-MAX ATTACK <<<
>>> ENTERED MIN-MAX ATTACK <<<
>>> ENTERED MIN-MAX ATTACK <<<
>>> ENTERED MIN-MAX ATTACK <<<
>>> ENTERED MIN-MAX ATTACK <<<
>>> ENTERED MIN-MAX ATTACK <<<
>>> ENTERED MIN-MAX ATTACK <<<
>>> ENTERED MIN-MAX ATTACK <<<
>>> ENTERED MIN-MAX ATTACK <<<
>>> ENTERED MIN-MAX ATTACK <<<
>>> ENTERED MIN-MAX ATTACK <<<
>>> ENTERED MIN-MAX ATTACK <<<
>>> ENTERED MIN-MAX ATTACK <<<
>>> ENTERED MIN-MAX ATTACK <<<
>>> ENTERED MIN-MAX ATTACK <<<
>>> ENTERED MIN-MAX ATTACK <<<
>>> ENTERED MIN-MAX ATTACK <<<
>>> ENTERED MIN-MAX ATTACK <<<
>>> ENTERED MIN-MAX ATTACK <<<
>>> ENTERED MIN-MAX ATTACK <<<
>>> ENTERED MIN-MAX ATTACK <<<
>>> ENTERED MIN-MAX ATTACK <<<
>>> ENTERED MIN-MAX ATTACK <<<
>>> ENTERED MIN-MAX ATTACK <<<
>>> ENTERED MIN-MAX ATTACK <<<
>>> ENTERED MIN-MAX ATTACK <<<
>>> ENTERED MIN-MAX ATTACK <<<
>>> ENTERED MIN-MAX ATTACK <<<
>>> ENTERED MIN-MAX ATTACK <<<
>>> ENTERED MIN-MAX ATTACK <<<
>>> ENTERED MIN-MAX ATTACK <<<
>>> ENTERED MIN-MAX ATTACK <<<
>>> ENTERED MIN-MAX ATTACK <<<
>>> ENTERED MIN-MAX ATTACK <<<
>>> ENTERED MIN-MAX ATTACK <<<
>>> ENTERED MIN-MAX ATTACK <<<
>>> ENTERED MIN-MAX ATTACK <<<
>>> ENTERED MIN-MAX ATTACK <<<
>>> ENTERED MIN-MAX ATTACK <<<
>>> ENTERED MIN-MAX ATTACK <<<
>>> ENTERED MIN-MAX ATTACK <<<
>>> ENTERED MIN-MAX ATTACK <<<
>>> ENTERED MIN-MAX ATTACK <<<
>>> ENTERED MIN-MAX ATTACK <<<
>>> ENTERED MIN-MAX ATTACK <<<
>>> ENTERED MIN-MAX ATTACK <<<
>>> ENTERED MIN-MAX ATTACK <<<
>>> ENTERED MIN-MAX ATTACK <<<
>>> ENTERED MIN-MAX ATTACK <<<
>>> ENTERED MIN-MAX ATTACK <<<
>>> ENTERED MIN-MAX ATTACK <<<
>>> ENTERED MIN-MAX ATTACK <<<
>>> ENTERED MIN-MAX ATTACK <<<
>>> ENTERED MIN-MAX ATTACK <<<
>>> ENTERED MIN-MAX ATTACK <<<
>>> ENTERED MIN-MAX ATTACK <<<
>>> ENTERED MIN-MAX ATTACK <<<
>>> ENTERED MIN-MAX ATTACK <<<
>>> ENTERED MIN-MAX ATTACK <<<
>>> ENTERED MIN-MAX ATTACK <<<
>>> ENTERED MIN-MAX ATTACK <<<
>>> ENTERED MIN-MAX ATTACK <<<
>>> ENTERED MIN-MAX ATTACK <<<
>>> ENTERED MIN-MAX ATTACK <<<
layer4.1.conv2.weight: lambda = 0.000486
>>> ENTERED MIN-MAX ATTACK <<<
>>> ENTERED MIN-MAX ATTACK <<<
>>> ENTERED MIN-MAX ATTACK <<<
>>> ENTERED MIN-MAX ATTACK <<<
>>> ENTERED MIN-MAX ATTACK <<<
>>> ENTERED MIN-MAX ATTACK <<<
fc.weight: lambda = 0.003157
>>> ENTERED MIN-MAX ATTACK <<<
Client 0 Train Acc=0.0503
Client 1 Train Acc=0.0572
Client 2 Train Acc=0.2000
Client 3 Train Acc=0.2105
Client 4 Train Acc=0.1478
Client 5 Train Acc=0.1419
Client 6 Train Acc=0.1972
Client 7 Train Acc=0.1944
Client 8 Train Acc=0.1650
Client 9 Train Acc=0.1931
Client 0 Raw Score: 0.0746
Client 1 Raw Score: 0.0746
Client 2 Raw Score: 0.2451
Client 3 Raw Score: 0.1899
Client 4 Raw Score: 0.2245
Client 5 Raw Score: 0.2405
Client 6 Raw Score: 0.1916
Client 7 Raw Score: 0.2279
Client 8 Raw Score: 0.2240
Client 9 Raw Score: 0.2204
Client 0 Softmax weight: 0.0888
Client 1 Softmax weight: 0.0888
Client 2 Softmax weight: 0.1053
Client 3 Softmax weight: 0.0997
Client 4 Softmax weight: 0.1032
Client 5 Softmax weight: 0.1049
Client 6 Softmax weight: 0.0999
Client 7 Softmax weight: 0.1035
Client 8 Softmax weight: 0.1031
Client 9 Softmax weight: 0.1028
Round 8 Test Accuracy=0.0994

========== Round [9/100] ==========

 Client 1/10
logits shape: torch.Size([64, 100])
label range: 0 98
loss = 4.090847015380859
loss = 3.729520559310913
loss = 3.6343038082122803
loss = 3.8818788528442383
loss = 3.945110559463501
loss = 3.6293351650238037
loss = 3.8042750358581543
loss = 3.5234227180480957
loss = 3.5287742614746094
loss = 3.545241355895996

 Client 2/10
logits shape: torch.Size([64, 100])
label range: 3 97
loss = 3.892496109008789
loss = 3.870144844055176
loss = 4.019792556762695
loss = 3.4224843978881836
loss = 3.6876883506774902
loss = 3.7764627933502197
loss = 3.610565185546875
loss = 3.445695400238037
loss = 3.5690903663635254
loss = 3.3945305347442627

 Client 3/10
logits shape: torch.Size([64, 100])
label range: 2 98
loss = 3.338078498840332
loss = 3.688087224960327
loss = 3.316776990890503
loss = 3.7472989559173584
loss = 3.6938841342926025
loss = 3.79170823097229
loss = 3.3930137157440186
loss = 3.9788694381713867
loss = 3.702233076095581
loss = 3.666534423828125

 Client 4/10
logits shape: torch.Size([64, 100])
label range: 4 95
loss = 3.732848644256592
loss = 3.6547868251800537
loss = 3.631897211074829
loss = 4.018074035644531
loss = 3.449531316757202
loss = 3.377828598022461
loss = 3.6173512935638428
loss = 3.2627856731414795
loss = 3.3687477111816406
loss = 3.372131109237671

 Client 5/10
logits shape: torch.Size([64, 100])
label range: 1 96
loss = 3.6357200145721436
loss = 3.7503437995910645
loss = 3.638221502304077
loss = 3.747204542160034
loss = 3.5554370880126953
loss = 3.533618450164795
loss = 3.381373882293701
loss = 3.494809627532959
loss = 3.7526211738586426
loss = 3.6956405639648438

 Client 6/10
logits shape: torch.Size([64, 100])
label range: 1 99
loss = 3.8487815856933594
loss = 3.9092350006103516
loss = 3.691789388656616
loss = 3.5139801502227783
loss = 3.5694189071655273
loss = 4.050168991088867
loss = 3.7910029888153076
loss = 3.773383855819702
loss = 3.5682437419891357
loss = 3.538172960281372

 Client 7/10
logits shape: torch.Size([64, 100])
label range: 2 99
loss = 4.0648112297058105
loss = 3.6904752254486084
loss = 3.604534387588501
loss = 3.342099189758301
loss = 3.7294528484344482
loss = 3.677384853363037
loss = 3.491189956665039
loss = 3.537674903869629
loss = 3.637502670288086
loss = 3.205390453338623

 Client 8/10
logits shape: torch.Size([64, 100])
label range: 3 96
loss = 3.501373767852783
loss = 3.2820539474487305
loss = 3.6844143867492676
loss = 3.5354979038238525
loss = 4.232046127319336
loss = 3.697155475616455
loss = 3.553849220275879
loss = 3.4255731105804443
loss = 3.47004771232605
loss = 3.6465015411376953

 Client 9/10
logits shape: torch.Size([64, 100])
label range: 8 99
loss = 3.8820390701293945
loss = 3.8078372478485107
loss = 3.8309566974639893
loss = 3.9731976985931396
loss = 3.856283187866211
loss = 3.882758378982544
loss = 3.7364327907562256
loss = 3.7535641193389893
loss = 3.5462398529052734
loss = 3.745681047439575

 Client 10/10
logits shape: torch.Size([64, 100])
label range: 0 98
loss = 3.9461467266082764
loss = 3.7511661052703857
loss = 3.765110969543457
loss = 3.6847190856933594
loss = 3.779327392578125
loss = 3.929753065109253
loss = 3.6571309566497803
loss = 4.008607864379883
loss = 4.237627029418945
loss = 3.4843382835388184

 [!] Executing Adaptive Attack: min_max
>>> ENTERED MIN-MAX ATTACK <<<
conv1.weight: lambda = 0.004368
>>> ENTERED MIN-MAX ATTACK <<<
>>> ENTERED MIN-MAX ATTACK <<<
>>> ENTERED MIN-MAX ATTACK <<<
>>> ENTERED MIN-MAX ATTACK <<<
>>> ENTERED MIN-MAX ATTACK <<<
>>> ENTERED MIN-MAX ATTACK <<<
>>> ENTERED MIN-MAX ATTACK <<<
>>> ENTERED MIN-MAX ATTACK <<<
>>> ENTERED MIN-MAX ATTACK <<<
>>> ENTERED MIN-MAX ATTACK <<<
>>> ENTERED MIN-MAX ATTACK <<<
>>> ENTERED MIN-MAX ATTACK <<<
>>> ENTERED MIN-MAX ATTACK <<<
>>> ENTERED MIN-MAX ATTACK <<<
>>> ENTERED MIN-MAX ATTACK <<<
>>> ENTERED MIN-MAX ATTACK <<<
>>> ENTERED MIN-MAX ATTACK <<<
>>> ENTERED MIN-MAX ATTACK <<<
>>> ENTERED MIN-MAX ATTACK <<<
>>> ENTERED MIN-MAX ATTACK <<<
>>> ENTERED MIN-MAX ATTACK <<<
>>> ENTERED MIN-MAX ATTACK <<<
>>> ENTERED MIN-MAX ATTACK <<<
>>> ENTERED MIN-MAX ATTACK <<<
>>> ENTERED MIN-MAX ATTACK <<<
>>> ENTERED MIN-MAX ATTACK <<<
>>> ENTERED MIN-MAX ATTACK <<<
>>> ENTERED MIN-MAX ATTACK <<<
>>> ENTERED MIN-MAX ATTACK <<<
>>> ENTERED MIN-MAX ATTACK <<<
>>> ENTERED MIN-MAX ATTACK <<<
>>> ENTERED MIN-MAX ATTACK <<<
>>> ENTERED MIN-MAX ATTACK <<<
>>> ENTERED MIN-MAX ATTACK <<<
>>> ENTERED MIN-MAX ATTACK <<<
>>> ENTERED MIN-MAX ATTACK <<<
>>> ENTERED MIN-MAX ATTACK <<<
>>> ENTERED MIN-MAX ATTACK <<<
>>> ENTERED MIN-MAX ATTACK <<<
>>> ENTERED MIN-MAX ATTACK <<<
>>> ENTERED MIN-MAX ATTACK <<<
>>> ENTERED MIN-MAX ATTACK <<<
>>> ENTERED MIN-MAX ATTACK <<<
>>> ENTERED MIN-MAX ATTACK <<<
>>> ENTERED MIN-MAX ATTACK <<<
>>> ENTERED MIN-MAX ATTACK <<<
>>> ENTERED MIN-MAX ATTACK <<<
>>> ENTERED MIN-MAX ATTACK <<<
>>> ENTERED MIN-MAX ATTACK <<<
>>> ENTERED MIN-MAX ATTACK <<<
>>> ENTERED MIN-MAX ATTACK <<<
>>> ENTERED MIN-MAX ATTACK <<<
>>> ENTERED MIN-MAX ATTACK <<<
>>> ENTERED MIN-MAX ATTACK <<<
>>> ENTERED MIN-MAX ATTACK <<<
>>> ENTERED MIN-MAX ATTACK <<<
>>> ENTERED MIN-MAX ATTACK <<<
>>> ENTERED MIN-MAX ATTACK <<<
>>> ENTERED MIN-MAX ATTACK <<<
>>> ENTERED MIN-MAX ATTACK <<<
>>> ENTERED MIN-MAX ATTACK <<<
>>> ENTERED MIN-MAX ATTACK <<<
>>> ENTERED MIN-MAX ATTACK <<<
>>> ENTERED MIN-MAX ATTACK <<<
>>> ENTERED MIN-MAX ATTACK <<<
>>> ENTERED MIN-MAX ATTACK <<<
>>> ENTERED MIN-MAX ATTACK <<<
>>> ENTERED MIN-MAX ATTACK <<<
>>> ENTERED MIN-MAX ATTACK <<<
>>> ENTERED MIN-MAX ATTACK <<<
>>> ENTERED MIN-MAX ATTACK <<<
>>> ENTERED MIN-MAX ATTACK <<<
>>> ENTERED MIN-MAX ATTACK <<<
>>> ENTERED MIN-MAX ATTACK <<<
>>> ENTERED MIN-MAX ATTACK <<<
>>> ENTERED MIN-MAX ATTACK <<<
>>> ENTERED MIN-MAX ATTACK <<<
>>> ENTERED MIN-MAX ATTACK <<<
>>> ENTERED MIN-MAX ATTACK <<<
>>> ENTERED MIN-MAX ATTACK <<<
>>> ENTERED MIN-MAX ATTACK <<<
>>> ENTERED MIN-MAX ATTACK <<<
>>> ENTERED MIN-MAX ATTACK <<<
>>> ENTERED MIN-MAX ATTACK <<<
>>> ENTERED MIN-MAX ATTACK <<<
>>> ENTERED MIN-MAX ATTACK <<<
>>> ENTERED MIN-MAX ATTACK <<<
>>> ENTERED MIN-MAX ATTACK <<<
>>> ENTERED MIN-MAX ATTACK <<<
>>> ENTERED MIN-MAX ATTACK <<<
>>> ENTERED MIN-MAX ATTACK <<<
>>> ENTERED MIN-MAX ATTACK <<<
>>> ENTERED MIN-MAX ATTACK <<<
>>> ENTERED MIN-MAX ATTACK <<<
>>> ENTERED MIN-MAX ATTACK <<<
>>> ENTERED MIN-MAX ATTACK <<<
>>> ENTERED MIN-MAX ATTACK <<<
>>> ENTERED MIN-MAX ATTACK <<<
>>> ENTERED MIN-MAX ATTACK <<<
>>> ENTERED MIN-MAX ATTACK <<<
>>> ENTERED MIN-MAX ATTACK <<<
>>> ENTERED MIN-MAX ATTACK <<<
>>> ENTERED MIN-MAX ATTACK <<<
>>> ENTERED MIN-MAX ATTACK <<<
>>> ENTERED MIN-MAX ATTACK <<<
>>> ENTERED MIN-MAX ATTACK <<<
>>> ENTERED MIN-MAX ATTACK <<<
>>> ENTERED MIN-MAX ATTACK <<<
>>> ENTERED MIN-MAX ATTACK <<<
>>> ENTERED MIN-MAX ATTACK <<<
>>> ENTERED MIN-MAX ATTACK <<<
>>> ENTERED MIN-MAX ATTACK <<<
>>> ENTERED MIN-MAX ATTACK <<<
>>> ENTERED MIN-MAX ATTACK <<<
layer4.1.conv2.weight: lambda = 0.000477
>>> ENTERED MIN-MAX ATTACK <<<
>>> ENTERED MIN-MAX ATTACK <<<
>>> ENTERED MIN-MAX ATTACK <<<
>>> ENTERED MIN-MAX ATTACK <<<
>>> ENTERED MIN-MAX ATTACK <<<
>>> ENTERED MIN-MAX ATTACK <<<
fc.weight: lambda = 0.003271
>>> ENTERED MIN-MAX ATTACK <<<
Client 0 Train Acc=0.0432
Client 1 Train Acc=0.0750
Client 2 Train Acc=0.1996
Client 3 Train Acc=0.2286
Client 4 Train Acc=0.1510
Client 5 Train Acc=0.1655
Client 6 Train Acc=0.2157
Client 7 Train Acc=0.1882
Client 8 Train Acc=0.1579
Client 9 Train Acc=0.1799
Client 0 Raw Score: 0.1036
Client 1 Raw Score: 0.1036
Client 2 Raw Score: 0.1735
Client 3 Raw Score: 0.2120
Client 4 Raw Score: 0.2158
Client 5 Raw Score: 0.2420
Client 6 Raw Score: 0.2090
Client 7 Raw Score: 0.2200
Client 8 Raw Score: 0.2120
Client 9 Raw Score: 0.2017
Client 0 Softmax weight: 0.0917
Client 1 Softmax weight: 0.0917
Client 2 Softmax weight: 0.0983
Client 3 Softmax weight: 0.1022
Client 4 Softmax weight: 0.1026
Client 5 Softmax weight: 0.1053
Client 6 Softmax weight: 0.1019
Client 7 Softmax weight: 0.1030
Client 8 Softmax weight: 0.1022
Client 9 Softmax weight: 0.1011
Round 9 Test Accuracy=0.1067

========== Round [10/100] ==========

 Client 1/10
logits shape: torch.Size([64, 100])
label range: 0 97
loss = 4.452156066894531
loss = 3.725616693496704
loss = 3.665107250213623
loss = 3.544719934463501
loss = 3.700875759124756
loss = 3.223956823348999
loss = 3.5119690895080566
loss = 3.2359838485717773
loss = 3.5715720653533936
loss = 3.5670273303985596

 Client 2/10
logits shape: torch.Size([64, 100])
label range: 3 95
loss = 3.8252408504486084
loss = 3.6904966831207275
loss = 3.648834228515625
loss = 3.631922960281372
loss = 3.0837819576263428
loss = 3.5051512718200684
loss = 3.677107095718384
loss = 3.2564878463745117
loss = 3.453623056411743
loss = 3.7257115840911865

 Client 3/10
logits shape: torch.Size([64, 100])
label range: 0 98
loss = 3.599505662918091
loss = 3.6550605297088623
loss = 3.7411611080169678
loss = 3.4122021198272705
loss = 3.5858476161956787
loss = 3.3303005695343018
loss = 3.604451894760132
loss = 3.7035865783691406
loss = 3.7891807556152344
loss = 3.7109174728393555

 Client 4/10
logits shape: torch.Size([64, 100])
label range: 0 97
loss = 3.912755250930786
loss = 3.7214136123657227
loss = 3.771812677383423
loss = 3.612743616104126
loss = 3.2297627925872803
loss = 3.396064519882202
loss = 3.3695757389068604
loss = 3.5461556911468506
loss = 3.1421916484832764
loss = 3.445478677749634

 Client 5/10
logits shape: torch.Size([64, 100])
label range: 1 92
loss = 3.651968479156494
loss = 4.092726707458496
loss = 3.8470659255981445
loss = 3.742326498031616
loss = 3.5909616947174072
loss = 3.859389543533325
loss = 3.7302911281585693
loss = 3.403794288635254
loss = 3.740053653717041
loss = 3.912860155105591

 Client 6/10
logits shape: torch.Size([64, 100])
label range: 2 99
loss = 3.7464776039123535
loss = 3.7312052249908447
loss = 3.6976611614227295
loss = 3.957857608795166
loss = 3.882566452026367
loss = 3.717177152633667
loss = 3.680264949798584
loss = 3.710205078125
loss = 3.810415267944336
loss = 3.45371413230896

 Client 7/10
logits shape: torch.Size([64, 100])
label range: 1 99
loss = 3.7559354305267334
loss = 3.133648157119751
loss = 3.5327329635620117
loss = 3.785501003265381
loss = 4.261450290679932
loss = 3.1658880710601807
loss = 3.44831919670105
loss = 4.023426532745361
loss = 3.6695799827575684
loss = 3.4523637294769287

 Client 8/10
logits shape: torch.Size([64, 100])
label range: 0 92
loss = 3.821627616882324
loss = 3.6748383045196533
loss = 3.3423209190368652
loss = 3.606198310852051
loss = 3.655656576156616
loss = 3.60601544380188
loss = 3.5312376022338867
loss = 3.7834854125976562
loss = 3.331533908843994
loss = 3.6306118965148926

 Client 9/10
logits shape: torch.Size([64, 100])
label range: 8 99
loss = 3.531853675842285
loss = 3.5653202533721924
loss = 3.886624336242676
loss = 3.9555606842041016
loss = 3.8989760875701904
loss = 3.949822187423706
loss = 3.917602062225342
loss = 3.556095838546753
loss = 3.498389720916748
loss = 3.7182774543762207

 Client 10/10
logits shape: torch.Size([64, 100])
label range: 3 93
loss = 3.902967929840088
loss = 3.866903781890869
loss = 3.3667643070220947
loss = 3.8361358642578125
loss = 3.7377665042877197
loss = 3.6698055267333984
loss = 3.599841833114624
loss = 3.7203493118286133
loss = 3.38586163520813
loss = 3.823136329650879

 [!] Executing Adaptive Attack: min_max
>>> ENTERED MIN-MAX ATTACK <<<
conv1.weight: lambda = 0.004349
>>> ENTERED MIN-MAX ATTACK <<<
>>> ENTERED MIN-MAX ATTACK <<<
>>> ENTERED MIN-MAX ATTACK <<<
>>> ENTERED MIN-MAX ATTACK <<<
>>> ENTERED MIN-MAX ATTACK <<<
>>> ENTERED MIN-MAX ATTACK <<<
>>> ENTERED MIN-MAX ATTACK <<<
>>> ENTERED MIN-MAX ATTACK <<<
>>> ENTERED MIN-MAX ATTACK <<<
>>> ENTERED MIN-MAX ATTACK <<<
>>> ENTERED MIN-MAX ATTACK <<<
>>> ENTERED MIN-MAX ATTACK <<<
>>> ENTERED MIN-MAX ATTACK <<<
>>> ENTERED MIN-MAX ATTACK <<<
>>> ENTERED MIN-MAX ATTACK <<<
>>> ENTERED MIN-MAX ATTACK <<<
>>> ENTERED MIN-MAX ATTACK <<<
>>> ENTERED MIN-MAX ATTACK <<<
>>> ENTERED MIN-MAX ATTACK <<<
>>> ENTERED MIN-MAX ATTACK <<<
>>> ENTERED MIN-MAX ATTACK <<<
>>> ENTERED MIN-MAX ATTACK <<<
>>> ENTERED MIN-MAX ATTACK <<<
>>> ENTERED MIN-MAX ATTACK <<<
>>> ENTERED MIN-MAX ATTACK <<<
>>> ENTERED MIN-MAX ATTACK <<<
>>> ENTERED MIN-MAX ATTACK <<<
>>> ENTERED MIN-MAX ATTACK <<<
>>> ENTERED MIN-MAX ATTACK <<<
>>> ENTERED MIN-MAX ATTACK <<<
>>> ENTERED MIN-MAX ATTACK <<<
>>> ENTERED MIN-MAX ATTACK <<<
>>> ENTERED MIN-MAX ATTACK <<<
>>> ENTERED MIN-MAX ATTACK <<<
>>> ENTERED MIN-MAX ATTACK <<<
>>> ENTERED MIN-MAX ATTACK <<<
>>> ENTERED MIN-MAX ATTACK <<<
>>> ENTERED MIN-MAX ATTACK <<<
>>> ENTERED MIN-MAX ATTACK <<<
>>> ENTERED MIN-MAX ATTACK <<<
>>> ENTERED MIN-MAX ATTACK <<<
>>> ENTERED MIN-MAX ATTACK <<<
>>> ENTERED MIN-MAX ATTACK <<<
>>> ENTERED MIN-MAX ATTACK <<<
>>> ENTERED MIN-MAX ATTACK <<<
>>> ENTERED MIN-MAX ATTACK <<<
>>> ENTERED MIN-MAX ATTACK <<<
>>> ENTERED MIN-MAX ATTACK <<<
>>> ENTERED MIN-MAX ATTACK <<<
>>> ENTERED MIN-MAX ATTACK <<<
>>> ENTERED MIN-MAX ATTACK <<<
>>> ENTERED MIN-MAX ATTACK <<<
>>> ENTERED MIN-MAX ATTACK <<<
>>> ENTERED MIN-MAX ATTACK <<<
>>> ENTERED MIN-MAX ATTACK <<<
>>> ENTERED MIN-MAX ATTACK <<<
>>> ENTERED MIN-MAX ATTACK <<<
>>> ENTERED MIN-MAX ATTACK <<<
>>> ENTERED MIN-MAX ATTACK <<<
>>> ENTERED MIN-MAX ATTACK <<<
>>> ENTERED MIN-MAX ATTACK <<<
>>> ENTERED MIN-MAX ATTACK <<<
>>> ENTERED MIN-MAX ATTACK <<<
>>> ENTERED MIN-MAX ATTACK <<<
>>> ENTERED MIN-MAX ATTACK <<<
>>> ENTERED MIN-MAX ATTACK <<<
>>> ENTERED MIN-MAX ATTACK <<<
>>> ENTERED MIN-MAX ATTACK <<<
>>> ENTERED MIN-MAX ATTACK <<<
>>> ENTERED MIN-MAX ATTACK <<<
>>> ENTERED MIN-MAX ATTACK <<<
>>> ENTERED MIN-MAX ATTACK <<<
>>> ENTERED MIN-MAX ATTACK <<<
>>> ENTERED MIN-MAX ATTACK <<<
>>> ENTERED MIN-MAX ATTACK <<<
>>> ENTERED MIN-MAX ATTACK <<<
>>> ENTERED MIN-MAX ATTACK <<<
>>> ENTERED MIN-MAX ATTACK <<<
>>> ENTERED MIN-MAX ATTACK <<<
>>> ENTERED MIN-MAX ATTACK <<<
>>> ENTERED MIN-MAX ATTACK <<<
>>> ENTERED MIN-MAX ATTACK <<<
>>> ENTERED MIN-MAX ATTACK <<<
>>> ENTERED MIN-MAX ATTACK <<<
>>> ENTERED MIN-MAX ATTACK <<<
>>> ENTERED MIN-MAX ATTACK <<<
>>> ENTERED MIN-MAX ATTACK <<<
>>> ENTERED MIN-MAX ATTACK <<<
>>> ENTERED MIN-MAX ATTACK <<<
>>> ENTERED MIN-MAX ATTACK <<<
>>> ENTERED MIN-MAX ATTACK <<<
>>> ENTERED MIN-MAX ATTACK <<<
>>> ENTERED MIN-MAX ATTACK <<<
>>> ENTERED MIN-MAX ATTACK <<<
>>> ENTERED MIN-MAX ATTACK <<<
>>> ENTERED MIN-MAX ATTACK <<<
>>> ENTERED MIN-MAX ATTACK <<<
>>> ENTERED MIN-MAX ATTACK <<<
>>> ENTERED MIN-MAX ATTACK <<<
>>> ENTERED MIN-MAX ATTACK <<<
>>> ENTERED MIN-MAX ATTACK <<<
>>> ENTERED MIN-MAX ATTACK <<<
>>> ENTERED MIN-MAX ATTACK <<<
>>> ENTERED MIN-MAX ATTACK <<<
>>> ENTERED MIN-MAX ATTACK <<<
>>> ENTERED MIN-MAX ATTACK <<<
>>> ENTERED MIN-MAX ATTACK <<<
>>> ENTERED MIN-MAX ATTACK <<<
>>> ENTERED MIN-MAX ATTACK <<<
>>> ENTERED MIN-MAX ATTACK <<<
>>> ENTERED MIN-MAX ATTACK <<<
>>> ENTERED MIN-MAX ATTACK <<<
>>> ENTERED MIN-MAX ATTACK <<<
>>> ENTERED MIN-MAX ATTACK <<<
layer4.1.conv2.weight: lambda = 0.000458
>>> ENTERED MIN-MAX ATTACK <<<
>>> ENTERED MIN-MAX ATTACK <<<
>>> ENTERED MIN-MAX ATTACK <<<
>>> ENTERED MIN-MAX ATTACK <<<
>>> ENTERED MIN-MAX ATTACK <<<
>>> ENTERED MIN-MAX ATTACK <<<
fc.weight: lambda = 0.003242
>>> ENTERED MIN-MAX ATTACK <<<
Client 0 Train Acc=0.0439
Client 1 Train Acc=0.0996
Client 2 Train Acc=0.1957
Client 3 Train Acc=0.1900
Client 4 Train Acc=0.1795
Client 5 Train Acc=0.1673
Client 6 Train Acc=0.2161
Client 7 Train Acc=0.1973
Client 8 Train Acc=0.1693
Client 9 Train Acc=0.1771
Client 0 Raw Score: 0.1311
Client 1 Raw Score: 0.1311
Client 2 Raw Score: 0.2158
Client 3 Raw Score: 0.1773
Client 4 Raw Score: 0.1872
Client 5 Raw Score: 0.2105
Client 6 Raw Score: 0.1916
Client 7 Raw Score: 0.1842
Client 8 Raw Score: 0.2144
Client 9 Raw Score: 0.2096
Client 0 Softmax weight: 0.0947
Client 1 Softmax weight: 0.0947
Client 2 Softmax weight: 0.1031
Client 3 Softmax weight: 0.0992
Client 4 Softmax weight: 0.1001
Client 5 Softmax weight: 0.1025
Client 6 Softmax weight: 0.1006
Client 7 Softmax weight: 0.0998
Client 8 Softmax weight: 0.1029
Client 9 Softmax weight: 0.1024
Round 10 Test Accuracy=0.1143

========== Round [11/100] ==========

 Client 1/10
logits shape: torch.Size([64, 100])
label range: 0 96
loss = 3.971944570541382
loss = 3.962224006652832
loss = 3.5678329467773438
loss = 3.8198351860046387
loss = 3.5431158542633057
loss = 3.7070116996765137
loss = 3.3638241291046143
loss = 3.5330729484558105
loss = 3.5497632026672363
loss = 3.6714346408843994

 Client 2/10
logits shape: torch.Size([64, 100])
label range: 0 98
loss = 4.037764072418213
loss = 3.6327264308929443
loss = 3.4649715423583984
loss = 3.452446699142456
loss = 3.518984317779541
loss = 3.3110103607177734
loss = 3.408843994140625
loss = 3.4104366302490234
loss = 3.5949177742004395
loss = 3.233344078063965

 Client 3/10
logits shape: torch.Size([64, 100])
label range: 0 98
loss = 3.396829128265381
loss = 3.750044345855713
loss = 3.8757944107055664
loss = 3.891247034072876
loss = 3.6490848064422607
loss = 3.6156108379364014
loss = 3.498896360397339
loss = 3.310335636138916
loss = 3.813760280609131
loss = 3.3314638137817383

 Client 4/10
logits shape: torch.Size([64, 100])
label range: 3 97
loss = 3.764508008956909
loss = 3.876272439956665
loss = 3.4399588108062744
loss = 3.778557062149048
loss = 3.5159666538238525
loss = 3.564422369003296
loss = 3.4101860523223877
loss = 3.6309845447540283
loss = 3.525376796722412
loss = 3.3383827209472656

 Client 5/10
logits shape: torch.Size([64, 100])
label range: 1 91
loss = 3.84196400642395
loss = 3.902639150619507
loss = 3.635680913925171
loss = 3.859506368637085
loss = 3.833625078201294
loss = 3.517828941345215
loss = 3.3504579067230225
loss = 3.527878999710083
loss = 3.8370296955108643
loss = 3.6683349609375

 Client 6/10
logits shape: torch.Size([64, 100])
label range: 0 99
loss = 3.7957444190979004
loss = 3.7621564865112305
loss = 3.9054298400878906
loss = 3.643660545349121
loss = 3.4079642295837402
loss = 3.7953250408172607
loss = 3.4773459434509277
loss = 3.6099414825439453
loss = 3.3397133350372314
loss = 3.6961050033569336

 Client 7/10
logits shape: torch.Size([64, 100])
label range: 8 98
loss = 3.50728178024292
loss = 3.5548081398010254
loss = 3.434112071990967
loss = 3.7024495601654053
loss = 3.335123062133789
loss = 3.4213058948516846
loss = 3.514619827270508
loss = 3.6691784858703613
loss = 3.78891921043396
loss = 3.6751046180725098

 Client 8/10
logits shape: torch.Size([64, 100])
label range: 1 99
loss = 3.718560218811035
loss = 3.400528907775879
loss = 3.5830230712890625
loss = 3.8460474014282227
loss = 4.001279830932617
loss = 3.3385791778564453
loss = 3.458784580230713
loss = 3.69353985786438
loss = 3.172642469406128
loss = 3.5433120727539062

 Client 9/10
logits shape: torch.Size([64, 100])
label range: 0 99
loss = 3.8321752548217773
loss = 3.8045997619628906
loss = 3.6209776401519775
loss = 3.575018882751465
loss = 3.5998904705047607
loss = 3.8293838500976562
loss = 3.449408769607544
loss = 3.6129801273345947
loss = 3.579336643218994
loss = 3.8960719108581543

 Client 10/10
logits shape: torch.Size([64, 100])
label range: 1 99
loss = 4.1272196769714355
loss = 3.5428624153137207
loss = 3.8434946537017822
loss = 3.57916259765625
loss = 3.577209949493408
loss = 3.430771589279175
loss = 3.7895567417144775
loss = 3.6268057823181152
loss = 3.310138702392578
loss = 3.5971264839172363

 [!] Executing Adaptive Attack: min_max
>>> ENTERED MIN-MAX ATTACK <<<
conv1.weight: lambda = 0.004072
>>> ENTERED MIN-MAX ATTACK <<<
>>> ENTERED MIN-MAX ATTACK <<<
>>> ENTERED MIN-MAX ATTACK <<<
>>> ENTERED MIN-MAX ATTACK <<<
>>> ENTERED MIN-MAX ATTACK <<<
>>> ENTERED MIN-MAX ATTACK <<<
>>> ENTERED MIN-MAX ATTACK <<<
>>> ENTERED MIN-MAX ATTACK <<<
>>> ENTERED MIN-MAX ATTACK <<<
>>> ENTERED MIN-MAX ATTACK <<<
>>> ENTERED MIN-MAX ATTACK <<<
>>> ENTERED MIN-MAX ATTACK <<<
>>> ENTERED MIN-MAX ATTACK <<<
>>> ENTERED MIN-MAX ATTACK <<<
>>> ENTERED MIN-MAX ATTACK <<<
>>> ENTERED MIN-MAX ATTACK <<<
>>> ENTERED MIN-MAX ATTACK <<<
>>> ENTERED MIN-MAX ATTACK <<<
>>> ENTERED MIN-MAX ATTACK <<<
>>> ENTERED MIN-MAX ATTACK <<<
>>> ENTERED MIN-MAX ATTACK <<<
>>> ENTERED MIN-MAX ATTACK <<<
>>> ENTERED MIN-MAX ATTACK <<<
>>> ENTERED MIN-MAX ATTACK <<<
>>> ENTERED MIN-MAX ATTACK <<<
>>> ENTERED MIN-MAX ATTACK <<<
>>> ENTERED MIN-MAX ATTACK <<<
>>> ENTERED MIN-MAX ATTACK <<<
>>> ENTERED MIN-MAX ATTACK <<<
>>> ENTERED MIN-MAX ATTACK <<<
>>> ENTERED MIN-MAX ATTACK <<<
>>> ENTERED MIN-MAX ATTACK <<<
>>> ENTERED MIN-MAX ATTACK <<<
>>> ENTERED MIN-MAX ATTACK <<<
>>> ENTERED MIN-MAX ATTACK <<<
>>> ENTERED MIN-MAX ATTACK <<<
>>> ENTERED MIN-MAX ATTACK <<<
>>> ENTERED MIN-MAX ATTACK <<<
>>> ENTERED MIN-MAX ATTACK <<<
>>> ENTERED MIN-MAX ATTACK <<<
>>> ENTERED MIN-MAX ATTACK <<<
>>> ENTERED MIN-MAX ATTACK <<<
>>> ENTERED MIN-MAX ATTACK <<<
>>> ENTERED MIN-MAX ATTACK <<<
>>> ENTERED MIN-MAX ATTACK <<<
>>> ENTERED MIN-MAX ATTACK <<<
>>> ENTERED MIN-MAX ATTACK <<<
>>> ENTERED MIN-MAX ATTACK <<<
>>> ENTERED MIN-MAX ATTACK <<<
>>> ENTERED MIN-MAX ATTACK <<<
>>> ENTERED MIN-MAX ATTACK <<<
>>> ENTERED MIN-MAX ATTACK <<<
>>> ENTERED MIN-MAX ATTACK <<<
>>> ENTERED MIN-MAX ATTACK <<<
>>> ENTERED MIN-MAX ATTACK <<<
>>> ENTERED MIN-MAX ATTACK <<<
>>> ENTERED MIN-MAX ATTACK <<<
>>> ENTERED MIN-MAX ATTACK <<<
>>> ENTERED MIN-MAX ATTACK <<<
>>> ENTERED MIN-MAX ATTACK <<<
>>> ENTERED MIN-MAX ATTACK <<<
>>> ENTERED MIN-MAX ATTACK <<<
>>> ENTERED MIN-MAX ATTACK <<<
>>> ENTERED MIN-MAX ATTACK <<<
>>> ENTERED MIN-MAX ATTACK <<<
>>> ENTERED MIN-MAX ATTACK <<<
>>> ENTERED MIN-MAX ATTACK <<<
>>> ENTERED MIN-MAX ATTACK <<<
>>> ENTERED MIN-MAX ATTACK <<<
>>> ENTERED MIN-MAX ATTACK <<<
>>> ENTERED MIN-MAX ATTACK <<<
>>> ENTERED MIN-MAX ATTACK <<<
>>> ENTERED MIN-MAX ATTACK <<<
>>> ENTERED MIN-MAX ATTACK <<<
>>> ENTERED MIN-MAX ATTACK <<<
>>> ENTERED MIN-MAX ATTACK <<<
>>> ENTERED MIN-MAX ATTACK <<<
>>> ENTERED MIN-MAX ATTACK <<<
>>> ENTERED MIN-MAX ATTACK <<<
>>> ENTERED MIN-MAX ATTACK <<<
>>> ENTERED MIN-MAX ATTACK <<<
>>> ENTERED MIN-MAX ATTACK <<<
>>> ENTERED MIN-MAX ATTACK <<<
>>> ENTERED MIN-MAX ATTACK <<<
>>> ENTERED MIN-MAX ATTACK <<<
>>> ENTERED MIN-MAX ATTACK <<<
>>> ENTERED MIN-MAX ATTACK <<<
>>> ENTERED MIN-MAX ATTACK <<<
>>> ENTERED MIN-MAX ATTACK <<<
>>> ENTERED MIN-MAX ATTACK <<<
>>> ENTERED MIN-MAX ATTACK <<<
>>> ENTERED MIN-MAX ATTACK <<<
>>> ENTERED MIN-MAX ATTACK <<<
>>> ENTERED MIN-MAX ATTACK <<<
>>> ENTERED MIN-MAX ATTACK <<<
>>> ENTERED MIN-MAX ATTACK <<<
>>> ENTERED MIN-MAX ATTACK <<<
>>> ENTERED MIN-MAX ATTACK <<<
>>> ENTERED MIN-MAX ATTACK <<<
>>> ENTERED MIN-MAX ATTACK <<<
>>> ENTERED MIN-MAX ATTACK <<<
>>> ENTERED MIN-MAX ATTACK <<<
>>> ENTERED MIN-MAX ATTACK <<<
>>> ENTERED MIN-MAX ATTACK <<<
>>> ENTERED MIN-MAX ATTACK <<<
>>> ENTERED MIN-MAX ATTACK <<<
>>> ENTERED MIN-MAX ATTACK <<<
>>> ENTERED MIN-MAX ATTACK <<<
>>> ENTERED MIN-MAX ATTACK <<<
>>> ENTERED MIN-MAX ATTACK <<<
>>> ENTERED MIN-MAX ATTACK <<<
>>> ENTERED MIN-MAX ATTACK <<<
>>> ENTERED MIN-MAX ATTACK <<<
>>> ENTERED MIN-MAX ATTACK <<<
layer4.1.conv2.weight: lambda = 0.000458
>>> ENTERED MIN-MAX ATTACK <<<
>>> ENTERED MIN-MAX ATTACK <<<
>>> ENTERED MIN-MAX ATTACK <<<
>>> ENTERED MIN-MAX ATTACK <<<
>>> ENTERED MIN-MAX ATTACK <<<
>>> ENTERED MIN-MAX ATTACK <<<
fc.weight: lambda = 0.003242
>>> ENTERED MIN-MAX ATTACK <<<
Client 0 Train Acc=0.0571
Client 1 Train Acc=0.0994
Client 2 Train Acc=0.1802
Client 3 Train Acc=0.2196
Client 4 Train Acc=0.1636
Client 5 Train Acc=0.1668
Client 6 Train Acc=0.2110
Client 7 Train Acc=0.1886
Client 8 Train Acc=0.1759
Client 9 Train Acc=0.1935
Client 0 Raw Score: 0.1398
Client 1 Raw Score: 0.1398
Client 2 Raw Score: 0.2007
Client 3 Raw Score: 0.1880
Client 4 Raw Score: 0.2004
Client 5 Raw Score: 0.1944
Client 6 Raw Score: 0.2081
Client 7 Raw Score: 0.2001
Client 8 Raw Score: 0.1775
Client 9 Raw Score: 0.1935
Client 0 Softmax weight: 0.0956
Client 1 Softmax weight: 0.0956
Client 2 Softmax weight: 0.1016
Client 3 Softmax weight: 0.1004
Client 4 Softmax weight: 0.1016
Client 5 Softmax weight: 0.1010
Client 6 Softmax weight: 0.1024
Client 7 Softmax weight: 0.1016
Client 8 Softmax weight: 0.0993
Client 9 Softmax weight: 0.1009
Round 11 Test Accuracy=0.1222

========== Round [12/100] ==========

 Client 1/10
logits shape: torch.Size([64, 100])
label range: 8 97
loss = 3.932314157485962
loss = 3.6202168464660645
loss = 3.721534252166748
loss = 3.684248924255371
loss = 3.551787853240967
loss = 3.285429000854492
loss = 3.897900104522705
loss = 3.6199028491973877
loss = 3.491403102874756
loss = 3.196716547012329

 Client 2/10
logits shape: torch.Size([64, 100])
label range: 1 97
loss = 4.1355366706848145
loss = 3.540604591369629
loss = 3.391787052154541
loss = 3.3729820251464844
loss = 3.6448075771331787
loss = 3.210310697555542
loss = 3.122966766357422
loss = 3.744736671447754
loss = 3.3992176055908203
loss = 3.618159294128418

 Client 3/10
logits shape: torch.Size([64, 100])
label range: 1 96
loss = 3.5949249267578125
loss = 3.342230796813965
loss = 3.7933640480041504
loss = 3.667041063308716
loss = 3.9105217456817627
loss = 3.800886631011963
loss = 3.4414315223693848
loss = 3.7014408111572266
loss = 3.3805794715881348
loss = 3.3895747661590576

 Client 4/10
